Archive member included to satisfy reference by file (symbol)

../app/libapp.a(neopixel_driver.c.obj)
                              (--whole-archive)
libzephyr.a(heap.c.obj)       (--whole-archive)
libzephyr.a(cbprintf_packaged.c.obj)
                              (--whole-archive)
libzephyr.a(printk.c.obj)     (--whole-archive)
libzephyr.a(sem.c.obj)        (--whole-archive)
libzephyr.a(thread_entry.c.obj)
                              (--whole-archive)
libzephyr.a(cbprintf_complete.c.obj)
                              (--whole-archive)
libzephyr.a(cbprintf.c.obj)   (--whole-archive)
libzephyr.a(assert.c.obj)     (--whole-archive)
libzephyr.a(reboot.c.obj)     (--whole-archive)
libzephyr.a(dec.c.obj)        (--whole-archive)
libzephyr.a(hex.c.obj)        (--whole-archive)
libzephyr.a(rb.c.obj)         (--whole-archive)
libzephyr.a(timeutil.c.obj)   (--whole-archive)
libzephyr.a(bitarray.c.obj)   (--whole-archive)
libzephyr.a(ring_buffer.c.obj)
                              (--whole-archive)
libzephyr.a(resource_table.c.obj)
                              (--whole-archive)
libzephyr.a(configs.c.obj)    (--whole-archive)
libzephyr.a(ctrl_partitions.c.obj)
                              (--whole-archive)
libzephyr.a(soc.c.obj)        (--whole-archive)
libzephyr.a(tracing_none.c.obj)
                              (--whole-archive)
arch/common/libarch__common.a(sw_isr_common.c.obj)
                              (--whole-archive)
arch/arch/arm/core/libarch__arm__core.a(fatal.c.obj)
                              (--whole-archive)
arch/arch/arm/core/libarch__arm__core.a(nmi.c.obj)
                              (--whole-archive)
arch/arch/arm/core/libarch__arm__core.a(nmi_on_reset.S.obj)
                              (--whole-archive)
arch/arch/arm/core/cortex_a_r/libarch__arm__core__cortex_a_r.a(exc.S.obj)
                              (--whole-archive)
arch/arch/arm/core/cortex_a_r/libarch__arm__core__cortex_a_r.a(fault.c.obj)
                              (--whole-archive)
arch/arch/arm/core/cortex_a_r/libarch__arm__core__cortex_a_r.a(irq_init.c.obj)
                              (--whole-archive)
arch/arch/arm/core/cortex_a_r/libarch__arm__core__cortex_a_r.a(reboot.c.obj)
                              (--whole-archive)
arch/arch/arm/core/cortex_a_r/libarch__arm__core__cortex_a_r.a(reset.S.obj)
                              (--whole-archive)
arch/arch/arm/core/cortex_a_r/libarch__arm__core__cortex_a_r.a(stacks.c.obj)
                              (--whole-archive)
arch/arch/arm/core/cortex_a_r/libarch__arm__core__cortex_a_r.a(tcm.c.obj)
                              (--whole-archive)
arch/arch/arm/core/cortex_a_r/libarch__arm__core__cortex_a_r.a(vector_table.S.obj)
                              (--whole-archive)
arch/arch/arm/core/cortex_a_r/libarch__arm__core__cortex_a_r.a(irq_manage.c.obj)
                              (--whole-archive)
arch/arch/arm/core/cortex_a_r/libarch__arm__core__cortex_a_r.a(prep_c.c.obj)
                              (--whole-archive)
arch/arch/arm/core/cortex_a_r/libarch__arm__core__cortex_a_r.a(thread.c.obj)
                              (--whole-archive)
arch/arch/arm/core/cortex_a_r/libarch__arm__core__cortex_a_r.a(cpu_idle.S.obj)
                              (--whole-archive)
arch/arch/arm/core/cortex_a_r/libarch__arm__core__cortex_a_r.a(smp.c.obj)
                              (--whole-archive)
arch/arch/arm/core/cortex_a_r/libarch__arm__core__cortex_a_r.a(isr_wrapper.S.obj)
                              (--whole-archive)
arch/arch/arm/core/cortex_a_r/libarch__arm__core__cortex_a_r.a(swap_helper.S.obj)
                              (--whole-archive)
arch/arch/arm/core/cortex_a_r/libarch__arm__core__cortex_a_r.a(exc_exit.S.obj)
                              (--whole-archive)
lib/libc/minimal/liblib__libc__minimal.a(atoi.c.obj)
                              (--whole-archive)
lib/libc/minimal/liblib__libc__minimal.a(strtol.c.obj)
                              (--whole-archive)
lib/libc/minimal/liblib__libc__minimal.a(strtoul.c.obj)
                              (--whole-archive)
lib/libc/minimal/liblib__libc__minimal.a(strtoll.c.obj)
                              (--whole-archive)
lib/libc/minimal/liblib__libc__minimal.a(strtoull.c.obj)
                              (--whole-archive)
lib/libc/minimal/liblib__libc__minimal.a(bsearch.c.obj)
                              (--whole-archive)
lib/libc/minimal/liblib__libc__minimal.a(exit.c.obj)
                              (--whole-archive)
lib/libc/minimal/liblib__libc__minimal.a(qsort.c.obj)
                              (--whole-archive)
lib/libc/minimal/liblib__libc__minimal.a(strerror.c.obj)
                              (--whole-archive)
lib/libc/minimal/liblib__libc__minimal.a(strncasecmp.c.obj)
                              (--whole-archive)
lib/libc/minimal/liblib__libc__minimal.a(strstr.c.obj)
                              (--whole-archive)
lib/libc/minimal/liblib__libc__minimal.a(string.c.obj)
[...]
Memory Configuration

Name             Origin             Length             Attributes
FLASH            0x00000000         0x00000000         xr
RAM              0x00000000         0x00008000         xw
ATCM             0x00000000         0x00008000         rw
BTCM             0x41010000         0x00008000         rw
RSC_TABLE        0xa1100000         0x00100000         rw
DRAM             0xa1200000         0x00e00000         rw
IDT_LIST         0xffff8000         0x00008000         xw
*default*        0x00000000         0xffffffff

Linker script and memory map

LOAD CMakeFiles/zephyr_final.dir/misc/empty_file.c.obj
LOAD CMakeFiles/zephyr_final.dir/isr_tables.c.obj
LOAD CMakeFiles/offsets.dir/arch/arm/core/offsets/offsets.c.obj
LOAD ../app/libapp.a
LOAD libzephyr.a
LOAD arch/common/libarch__common.a
LOAD arch/arch/arm/core/libarch__arm__core.a
LOAD arch/arch/arm/core/cortex_a_r/libarch__arm__core__cortex_a_r.a
LOAD lib/libc/minimal/liblib__libc__minimal.a
LOAD lib/libc/common/liblib__libc__common.a
LOAD drivers/interrupt_controller/libdrivers__interrupt_controller.a
LOAD drivers/console/libdrivers__console.a
LOAD drivers/gpio/libdrivers__gpio.a
LOAD drivers/pinctrl/libdrivers__pinctrl.a
LOAD drivers/serial/libdrivers__serial.a
LOAD drivers/timer/libdrivers__timer.a
LOAD ../modules/libmetal/libmetal/lib/libmetal.a
LOAD ../modules/open-amp/open-amp/lib/libopen_amp.a
LOAD kernel/libkernel.a
LOAD arch/common/libisr_tables.a
LOAD /usr/lib/gcc/arm-none-eabi/14.2.1/thumb/v7-r+fp.sp/hard/libgcc.a
                0x00000004                        _region_min_align = 0x4

.rel.plt        0x00000000        0x0
 *(SORT_BY_ALIGNMENT(.rel.plt))
                [!provide]                        PROVIDE (__rel_iplt_start = .)
 *(SORT_BY_ALIGNMENT(.rel.iplt))
 .rel.iplt      0x00000000        0x0 CMakeFiles/zephyr_final.dir/isr_tables.c.obj
                [!provide]                        PROVIDE (__rel_iplt_end = .)

.rela.plt       0x00000000        0x0
 *(SORT_BY_ALIGNMENT(.rela.plt))
                [!provide]                        PROVIDE (__rela_iplt_start = .)
 *(SORT_BY_ALIGNMENT(.rela.iplt))
                [!provide]                        PROVIDE (__rela_iplt_end = .)

.rel.dyn
 *(SORT_BY_ALIGNMENT(.rel.*))

.rela.dyn
 *(SORT_BY_ALIGNMENT(.rela.*))

.plt
 *(SORT_BY_ALIGNMENT(.plt))

.iplt           0x00000000        0x0
 *(SORT_BY_ALIGNMENT(.iplt))
 .iplt          0x00000000        0x0 CMakeFiles/zephyr_final.dir/isr_tables.c.obj
                0x00000000                        __rom_region_start = 0x0

rom_start       0x00000000       0x3c
                0x00000000                        __rom_start_address = .
 FILL mask 0x00
                0x00000000                        . = (. + (0x0 - (. - __rom_start_address)))
                0x00000000                        . = ALIGN (0x4)
                0x00000000                        _vector_start = .
 *(SORT_BY_ALIGNMENT(.exc_vector_table))
 *(SORT_BY_ALIGNMENT(.exc_vector_table.*))
 .exc_vector_table._vector_table_section
                0x00000000       0x3c arch/arch/arm/core/cortex_a_r/libarch__arm__core__cortex_a_r.a(vector_table.S.obj)
                0x00000000                _vector_table
 *(SORT_BY_ALIGNMENT(.vectors))
                0x0000003c                        _vector_end = .

text            0x00000040     0x2f98
                0x00000040                        . = ALIGN (_region_min_align)
                0x00000040                        __text_region_start = .
                0x00000040                        z_mapped_start = .
 *(SORT_BY_ALIGNMENT(.text))
 .text          0x00000040       0x30 /usr/lib/gcc/arm-none-eabi/14.2.1/thumb/v7-r+fp.sp/hard/libgcc.a(_aeabi_uldivmod.o)
                0x00000040                __aeabi_uldivmod
 .text          0x00000070      0x3b4 /usr/lib/gcc/arm-none-eabi/14.2.1/thumb/v7-r+fp.sp/hard/libgcc.a(_udivmoddi4.o)
                0x00000070                __udivmoddi4
 .text          0x00000424        0x4 /usr/lib/gcc/arm-none-eabi/14.2.1/thumb/v7-r+fp.sp/hard/libgcc.a(_dvmd_tls.o)
                0x00000424                __aeabi_ldiv0
                0x00000424                __aeabi_idiv0
 *(SORT_BY_ALIGNMENT(.text.*))
 .text.gpio_pin_set_dt.constprop.0.isra.0
                0x00000428       0x24 ../app/libapp.a(neopixel_driver.c.obj)
 .text.initialize_gpio
                0x0000044c       0x60 ../app/libapp.a(neopixel_driver.c.obj)
 .text.main     0x000004ac       0xe8 ../app/libapp.a(neopixel_driver.c.obj)
                0x000004ac                main
 .text.char_out
                0x00000594        0xc libzephyr.a(printk.c.obj)
 .text.__printk_hook_install
                0x000005a0        0xc libzephyr.a(printk.c.obj)
                0x000005a0                __printk_hook_install
 .text.vprintk  0x000005ac       0x1c libzephyr.a(printk.c.obj)
                0x000005ac                vprintk
 .text.z_cbvprintf_impl
                0x000005c8      0xd54 libzephyr.a(cbprintf_complete.c.obj)
                0x000005c8                z_cbvprintf_impl
 .text.z_arm_nmi
                0x0000131c       0x14 arch/arch/arm/core/libarch__arm__core.a(nmi.c.obj)
                0x0000131c                z_arm_nmi
 .text.z_SysNmiOnReset
                0x00001330        0x8 arch/arch/arm/core/libarch__arm__core.a(nmi_on_reset.S.obj)
                0x00001330                z_SysNmiOnReset
 .text.__exc    0x00001338      0x11c arch/arch/arm/core/cortex_a_r/libarch__arm__core__cortex_a_r.a(exc.S.obj)
                0x00001338                z_arm_undef_instruction
                0x000013a8                z_arm_prefetch_abort
                0x000013f8                z_arm_data_abort
 .text.z_arm_fault_undef_instruction_fp
                0x00001454       0x60 arch/arch/arm/core/cortex_a_r/libarch__arm__core__cortex_a_r.a(fault.c.obj)
                0x00001454                z_arm_fault_undef_instruction_fp
 .text._reset_section
                0x000014b4       0x78 arch/arch/arm/core/cortex_a_r/libarch__arm__core__cortex_a_r.a(reset.S.obj)
                0x000014b4                z_arm_reset
                0x000014b4                __start
 .text.z_prep_c
                0x0000152c       0x30 arch/arch/arm/core/cortex_a_r/libarch__arm__core__cortex_a_r.a(prep_c.c.obj)
                0x0000152c                z_prep_c
 .text.arch_new_thread
                0x0000155c       0x44 arch/arch/arm/core/cortex_a_r/libarch__arm__core__cortex_a_r.a(thread.c.obj)
                0x0000155c                arch_new_thread
 .text.arch_float_disable
                0x000015a0       0x40 arch/arch/arm/core/cortex_a_r/libarch__arm__core__cortex_a_r.a(thread.c.obj)
                0x000015a0                arch_float_disable
 .text.arch_cpu_idle
                0x000015e0       0x14 arch/arch/arm/core/cortex_a_r/libarch__arm__core__cortex_a_r.a(cpu_idle.S.obj)
                0x000015e0                arch_cpu_idle
 .text._isr_wrapper
                0x000015f4       0xb8 arch/arch/arm/core/cortex_a_r/libarch__arm__core__cortex_a_r.a(isr_wrapper.S.obj)
                0x000015f4                _isr_wrapper
 .text.z_arm_do_swap
                0x000016ac       0xbc arch/arch/arm/core/cortex_a_r/libarch__arm__core__cortex_a_r.a(swap_helper.S.obj)
                0x000016ac                z_arm_do_swap
 .text.z_arm_svc
                0x00001768       0xc0 arch/arch/arm/core/cortex_a_r/libarch__arm__core__cortex_a_r.a(swap_helper.S.obj)
                0x00001768                z_arm_svc
 .text.z_arm_cortex_r_svc
                0x00001828        0x8 arch/arch/arm/core/cortex_a_r/libarch__arm__core__cortex_a_r.a(swap_helper.S.obj)
                0x00001828                z_arm_cortex_r_svc
 .text._HandlerModeExit
                0x00001830      0x164 arch/arch/arm/core/cortex_a_r/libarch__arm__core__cortex_a_r.a(exc_exit.S.obj)
                0x00001830                z_arm_int_exit
                0x000018d8                z_arm_exc_exit
 .text._exit    0x00001994       0x10 lib/libc/minimal/liblib__libc__minimal.a(exit.c.obj)
                0x00001994                _exit
 .text.__stdout_hook_install
                0x000019a4        0xc lib/libc/minimal/liblib__libc__minimal.a(stdout_console.c.obj)
                0x000019a4                __stdout_hook_install
 .text.z_impl_zephyr_fputc
                0x000019b0       0x18 lib/libc/minimal/liblib__libc__minimal.a(stdout_console.c.obj)
                0x000019b0                z_impl_zephyr_fputc
 .text.printf   0x000019c8       0x28 lib/libc/minimal/liblib__libc__minimal.a(fprintf.c.obj)
                0x000019c8                printf
 .text.z_vim_irq_get_active
                0x000019f0       0x48 drivers/interrupt_controller/libdrivers__interrupt_controller.a(intc_vim.c.obj)
                0x000019f0                z_vim_irq_get_active
 .text.z_vim_irq_eoi
                0x00001a38       0x10 drivers/interrupt_controller/libdrivers__interrupt_controller.a(intc_vim.c.obj)
                0x00001a38                z_vim_irq_eoi
 .text.z_vim_irq_priority_set
                0x00001a48       0x50 drivers/interrupt_controller/libdrivers__interrupt_controller.a(intc_vim.c.obj)
                0x00001a48                z_vim_irq_priority_set
 .text.z_vim_irq_enable
                0x00001a98       0x24 drivers/interrupt_controller/libdrivers__interrupt_controller.a(intc_vim.c.obj)
                0x00001a98                z_vim_irq_enable
 .text.uart_console_init
                0x00001abc       0x28 drivers/console/libdrivers__console.a(uart_console.c.obj)
 .text.console_out
                0x00001ae4       0x28 drivers/console/libdrivers__console.a(uart_console.c.obj)
 .text.pinctrl_configure_pins
                0x00001b0c       0x2c drivers/pinctrl/libdrivers__pinctrl.a(pinctrl_ti_k3.c.obj)
                0x00001b0c                pinctrl_configure_pins
 .text.ti_dmtimer_isr
                0x00001b38       0x68 drivers/timer/libdrivers__timer.a(ti_dmtimer.c.obj)
 .text.sys_clock_driver_init
                0x00001ba0       0xe8 drivers/timer/libdrivers__timer.a(ti_dmtimer.c.obj)
 .text.sys_clock_set_timeout
                0x00001c88       0x5c drivers/timer/libdrivers__timer.a(ti_dmtimer.c.obj)
                0x00001c88                sys_clock_set_timeout
 .text.sys_clock_cycle_get_32
                0x00001ce4       0x24 drivers/timer/libdrivers__timer.a(ti_dmtimer.c.obj)
                0x00001ce4                sys_clock_cycle_get_32
 .text.sys_clock_elapsed
                0x00001d08       0x34 drivers/timer/libdrivers__timer.a(ti_dmtimer.c.obj)
                0x00001d08                sys_clock_elapsed
 .text.z_fatal_error
                0x00001d3c       0x38 kernel/libkernel.a(fatal.c.obj)
                0x00001d3c                z_fatal_error
 .text.z_sys_init_run_level
                0x00001d74       0x30 kernel/libkernel.a(init.c.obj)
 .text.bg_thread_main
                0x00001da4       0xc0 kernel/libkernel.a(init.c.obj)
 .text.z_bss_zero
                0x00001e64       0x18 kernel/libkernel.a(init.c.obj)
                0x00001e64                z_bss_zero
 .text.z_init_cpu
                0x00001e7c       0x68 kernel/libkernel.a(init.c.obj)
                0x00001e7c                z_init_cpu
 .text.z_cstart
                0x00001ee4       0x94 kernel/libkernel.a(init.c.obj)
                0x00001ee4                z_cstart
 .text.z_setup_new_thread
                0x00001f78       0x50 kernel/libkernel.a(thread.c.obj)
                0x00001f78                z_setup_new_thread
 .text.z_dummy_thread_init
                0x00001fc8       0x14 kernel/libkernel.a(thread.c.obj)
                0x00001fc8                z_dummy_thread_init
 .text.ready_thread
                0x00001fdc       0x7c kernel/libkernel.a(sched.c.obj)
 .text.z_swap_irqlock
                0x00002058       0x24 kernel/libkernel.a(sched.c.obj)
 .text.move_thread_to_end_of_prio_q
                0x0000207c       0x88 kernel/libkernel.a(sched.c.obj)
                0x0000207c                move_thread_to_end_of_prio_q
 .text.z_reschedule
                0x00002104       0x24 kernel/libkernel.a(sched.c.obj)
                0x00002104                z_reschedule
 .text.z_reschedule_irqlock
                0x00002128       0x24 kernel/libkernel.a(sched.c.obj)
                0x00002128                z_reschedule_irqlock
 .text.k_sched_lock
                0x0000214c       0x20 kernel/libkernel.a(sched.c.obj)
                0x0000214c                k_sched_lock
 .text.k_sched_unlock
                0x0000216c       0x50 kernel/libkernel.a(sched.c.obj)
                0x0000216c                k_sched_unlock
 .text.z_sched_init
                0x000021bc       0x10 kernel/libkernel.a(sched.c.obj)
                0x000021bc                z_sched_init
 .text.z_impl_k_wakeup
                0x000021cc       0x40 kernel/libkernel.a(sched.c.obj)
                0x000021cc                z_impl_k_wakeup
 .text.z_impl_k_sched_current_thread_query
                0x0000220c        0xc kernel/libkernel.a(sched.c.obj)
                0x0000220c                z_impl_k_sched_current_thread_query
 .text.z_thread_abort
                0x00002218      0x138 kernel/libkernel.a(sched.c.obj)
                0x00002218                z_thread_abort
 .text.slice_timeout
                0x00002350       0x20 kernel/libkernel.a(timeslicing.c.obj)
 .text.thread_is_sliceable
                0x00002370       0x3c kernel/libkernel.a(timeslicing.c.obj)
                0x00002370                thread_is_sliceable
 .text.z_reset_time_slice
                0x000023ac       0x50 kernel/libkernel.a(timeslicing.c.obj)
                0x000023ac                z_reset_time_slice
 .text.z_time_slice
                0x000023fc       0x40 kernel/libkernel.a(timeslicing.c.obj)
                0x000023fc                z_time_slice
 .text.first    0x0000243c       0x10 kernel/libkernel.a(timeout.c.obj)
 .text.elapsed  0x0000244c       0x14 kernel/libkernel.a(timeout.c.obj)
 .text.remove_timeout
                0x00002460       0x38 kernel/libkernel.a(timeout.c.obj)
 .text.z_add_timeout
                0x00002498       0xdc kernel/libkernel.a(timeout.c.obj)
                0x00002498                z_add_timeout
 .text.sys_clock_announce
                0x00002574       0xa0 kernel/libkernel.a(timeout.c.obj)
                0x00002574                sys_clock_announce
 .text.boot_banner
                0x00002614        0xc kernel/libkernel.a(banner.c.obj)
                0x00002614                boot_banner
 .text._OffsetAbsSyms
                0x00002620        0x2 CMakeFiles/offsets.dir/arch/arm/core/offsets/offsets.c.obj
                0x00002620                _OffsetAbsSyms
 .text.write_led_color
                0x00002622        0x6 ../app/libapp.a(neopixel_driver.c.obj)
                0x00002622                write_led_color
 .text.arch_printk_char_out
                0x00002628        0x4 libzephyr.a(printk.c.obj)
                0x00002628                arch_printk_char_out
 .text.printk   0x0000262c       0x1a libzephyr.a(printk.c.obj)
                0x0000262c                printk
 .text.z_thread_entry
                0x00002646       0x14 libzephyr.a(thread_entry.c.obj)
                0x00002646                z_thread_entry
 .text._ldiv5   0x0000265a       0x30 libzephyr.a(cbprintf_complete.c.obj)
 .text.encode_uint
                0x0000268a       0x90 libzephyr.a(cbprintf_complete.c.obj)
 .text.outs     0x0000271a       0x2e libzephyr.a(cbprintf_complete.c.obj)
 .text._ConfigAbsSyms
                0x00002748        0x2 libzephyr.a(configs.c.obj)
                0x00002748                _ConfigAbsSyms
 .text.k3_unlock_all_ctrl_partitions
                0x0000274a        0x2 libzephyr.a(ctrl_partitions.c.obj)
                0x0000274a                k3_unlock_all_ctrl_partitions
 .text.z_soc_irq_get_active
                0x0000274c        0x4 libzephyr.a(soc.c.obj)
                0x0000274c                z_soc_irq_get_active
 .text.z_soc_irq_eoi
                0x00002750        0x4 libzephyr.a(soc.c.obj)
                0x00002750                z_soc_irq_eoi
 .text.z_soc_irq_init
                0x00002754        0x4 libzephyr.a(soc.c.obj)
                0x00002754                z_soc_irq_init
 .text.z_soc_irq_priority_set
                0x00002758        0x4 libzephyr.a(soc.c.obj)
                0x00002758                z_soc_irq_priority_set
 .text.z_soc_irq_enable
                0x0000275c        0x4 libzephyr.a(soc.c.obj)
                0x0000275c                z_soc_irq_enable
 .text.soc_early_init_hook
                0x00002760        0x4 libzephyr.a(soc.c.obj)
                0x00002760                soc_early_init_hook
 .text.z_arm_fatal_error
                0x00002764        0x4 arch/arch/arm/core/libarch__arm__core.a(fatal.c.obj)
                0x00002764                z_arm_fatal_error
 .text.z_do_kernel_oops
                0x00002768        0x8 arch/arch/arm/core/libarch__arm__core.a(fatal.c.obj)
                0x00002768                z_do_kernel_oops
 .text.dump_fault.isra.0
                0x00002770       0x50 arch/arch/arm/core/cortex_a_r/libarch__arm__core__cortex_a_r.a(fault.c.obj)
 .text.z_arm_fault_undef_instruction
                0x000027c0       0x1e arch/arch/arm/core/cortex_a_r/libarch__arm__core__cortex_a_r.a(fault.c.obj)
                0x000027c0                z_arm_fault_undef_instruction
 .text.z_arm_fault_prefetch
                0x000027de       0x24 arch/arch/arm/core/cortex_a_r/libarch__arm__core__cortex_a_r.a(fault.c.obj)
                0x000027de                z_arm_fault_prefetch
 .text.z_arm_fault_data
                0x00002802       0x24 arch/arch/arm/core/cortex_a_r/libarch__arm__core__cortex_a_r.a(fault.c.obj)
                0x00002802                z_arm_fault_data
 .text.z_arm_interrupt_init
                0x00002826        0x4 arch/arch/arm/core/cortex_a_r/libarch__arm__core__cortex_a_r.a(irq_init.c.obj)
                0x00002826                z_arm_interrupt_init
 .text.relocate_vector_table
                0x0000282a        0x2 arch/arch/arm/core/cortex_a_r/libarch__arm__core__cortex_a_r.a(reboot.c.obj)
                0x0000282a                relocate_vector_table
 .text.z_arm_relocate_vector_table
                0x0000282c        0x8 arch/arch/arm/core/cortex_a_r/libarch__arm__core__cortex_a_r.a(reboot.c.obj)
                0x0000282c                z_arm_relocate_vector_table
 .text.z_irq_spurious
                0x00002834        0x8 arch/arch/arm/core/cortex_a_r/libarch__arm__core__cortex_a_r.a(irq_manage.c.obj)
                0x00002834                z_irq_spurious
 .text.strlen   0x0000283c        0xe lib/libc/minimal/liblib__libc__minimal.a(string.c.obj)
                0x0000283c                strlen
 .text.memset   0x0000284a       0x12 lib/libc/minimal/liblib__libc__minimal.a(string.c.obj)
                0x0000284a                memset
 .text._stdout_hook_default
                0x0000285c        0x6 lib/libc/minimal/liblib__libc__minimal.a(stdout_console.c.obj)
 .text.fputc    0x00002862        0x4 lib/libc/minimal/liblib__libc__minimal.a(stdout_console.c.obj)
                0x00002862                fputc
 .text.strnlen  0x00002866       0x12 lib/libc/common/liblib__libc__common.a(strnlen.c.obj)
                0x00002866                strnlen
 .text.z_vim_irq_init
                0x00002878        0xc drivers/interrupt_controller/libdrivers__interrupt_controller.a(intc_vim.c.obj)
                0x00002878                z_vim_irq_init
 .text.gpio_davinci_configure
                0x00002884       0x34 drivers/gpio/libdrivers__gpio.a(gpio_davinci.c.obj)
 .text.gpio_davinci_port_get_raw
                0x000028b8        0xc drivers/gpio/libdrivers__gpio.a(gpio_davinci.c.obj)
 .text.gpio_davinci_port_set_masked_raw
                0x000028c4       0x12 drivers/gpio/libdrivers__gpio.a(gpio_davinci.c.obj)
 .text.gpio_davinci_port_set_bits_raw
                0x000028d6        0xe drivers/gpio/libdrivers__gpio.a(gpio_davinci.c.obj)
 .text.gpio_davinci_port_clear_bits_raw
                0x000028e4        0xe drivers/gpio/libdrivers__gpio.a(gpio_davinci.c.obj)
 .text.gpio_davinci_port_toggle_bits
                0x000028f2        0xe drivers/gpio/libdrivers__gpio.a(gpio_davinci.c.obj)
 .text.gpio_davinci_bank_0_config
                0x00002900        0x2 drivers/gpio/libdrivers__gpio.a(gpio_davinci.c.obj)
 .text.gpio_davinci_init
                0x00002902       0x32 drivers/gpio/libdrivers__gpio.a(gpio_davinci.c.obj)
 .text.pinctrl_lookup_state
                0x00002934       0x26 drivers/pinctrl/libdrivers__pinctrl.a(common.c.obj)
                0x00002934                pinctrl_lookup_state
 .text.pinctrl_ti_k3_init
                0x0000295a        0x4 drivers/pinctrl/libdrivers__pinctrl.a(pinctrl_ti_k3.c.obj)
 .text.ns16550_read_char
                0x0000295e       0x2e drivers/serial/libdrivers__serial.a(uart_ns16550.c.obj)
 .text.uart_ns16550_config_get
                0x0000298c       0x1a drivers/serial/libdrivers__serial.a(uart_ns16550.c.obj)
 .text.uart_ns16550_poll_in
                0x000029a6       0x16 drivers/serial/libdrivers__serial.a(uart_ns16550.c.obj)
 .text.uart_ns16550_poll_out
                0x000029bc       0x32 drivers/serial/libdrivers__serial.a(uart_ns16550.c.obj)
 .text.uart_ns16550_err_check
                0x000029ee       0x26 drivers/serial/libdrivers__serial.a(uart_ns16550.c.obj)
 .text.uart_ns16550_fifo_fill
                0x00002a14       0x34 drivers/serial/libdrivers__serial.a(uart_ns16550.c.obj)
 .text.uart_ns16550_fifo_read
                0x00002a48       0x3a drivers/serial/libdrivers__serial.a(uart_ns16550.c.obj)
 .text.uart_ns16550_irq_tx_enable
                0x00002a82       0x2a drivers/serial/libdrivers__serial.a(uart_ns16550.c.obj)
 .text.uart_ns16550_irq_tx_disable
                0x00002aac       0x28 drivers/serial/libdrivers__serial.a(uart_ns16550.c.obj)
 .text.uart_ns16550_irq_tx_ready
                0x00002ad4       0x1e drivers/serial/libdrivers__serial.a(uart_ns16550.c.obj)
 .text.uart_ns16550_irq_tx_complete
                0x00002af2       0x2e drivers/serial/libdrivers__serial.a(uart_ns16550.c.obj)
 .text.uart_ns16550_irq_rx_enable
                0x00002b20       0x2a drivers/serial/libdrivers__serial.a(uart_ns16550.c.obj)
 .text.uart_ns16550_irq_rx_disable
                0x00002b4a       0x28 drivers/serial/libdrivers__serial.a(uart_ns16550.c.obj)
 .text.uart_ns16550_irq_rx_ready
                0x00002b72       0x1e drivers/serial/libdrivers__serial.a(uart_ns16550.c.obj)
 .text.uart_ns16550_irq_err_enable
                0x00002b90       0x2a drivers/serial/libdrivers__serial.a(uart_ns16550.c.obj)
 .text.uart_ns16550_irq_err_disable
                0x00002bba       0x28 drivers/serial/libdrivers__serial.a(uart_ns16550.c.obj)
 .text.uart_ns16550_irq_is_pending
                0x00002be2       0x1a drivers/serial/libdrivers__serial.a(uart_ns16550.c.obj)
 .text.uart_ns16550_irq_update
                0x00002bfc       0x26 drivers/serial/libdrivers__serial.a(uart_ns16550.c.obj)
 .text.uart_ns16550_irq_callback_set
                0x00002c22       0x16 drivers/serial/libdrivers__serial.a(uart_ns16550.c.obj)
 .text.uart_ns16550_isr
                0x00002c38        0xc drivers/serial/libdrivers__serial.a(uart_ns16550.c.obj)
 .text.uart_ns16550_irq_config_func0
                0x00002c44       0x16 drivers/serial/libdrivers__serial.a(uart_ns16550.c.obj)
 .text.uart_ns16550_configure
                0x00002c5a      0x1f6 drivers/serial/libdrivers__serial.a(uart_ns16550.c.obj)
 .text.uart_ns16550_init
                0x00002e50       0x1a drivers/serial/libdrivers__serial.a(uart_ns16550.c.obj)
 .text.z_device_state_init
                0x00002e6a        0x2 kernel/libkernel.a(device.c.obj)
                0x00002e6a                z_device_state_init
 .text.z_impl_device_is_ready
                0x00002e6c       0x16 kernel/libkernel.a(device.c.obj)
                0x00002e6c                z_impl_device_is_ready
 .text.arch_system_halt
                0x00002e82        0xc kernel/libkernel.a(fatal.c.obj)
                0x00002e82                arch_system_halt
 .text.k_sys_fatal_error_handler
                0x00002e8e        0x6 kernel/libkernel.a(fatal.c.obj)
                0x00002e8e                k_sys_fatal_error_handler
 .text.do_device_init
                0x00002e94       0x2e kernel/libkernel.a(init.c.obj)
 .text.z_early_memset
                0x00002ec2        0x4 kernel/libkernel.a(init.c.obj)
                0x00002ec2                z_early_memset
 .text.z_init_static
                0x00002ec6        0x2 kernel/libkernel.a(init_static.c.obj)
                0x00002ec6                z_init_static
 .text.idle     0x00002ec8       0x12 kernel/libkernel.a(idle.c.obj)
                0x00002ec8                idle
 .text.sys_dlist_remove
                0x00002eda       0x10 kernel/libkernel.a(sched.c.obj)
 .text.unpend_thread_no_timeout
                0x00002eea       0x14 kernel/libkernel.a(sched.c.obj)
 .text.z_ready_thread
                0x00002efe       0x16 kernel/libkernel.a(sched.c.obj)
                0x00002efe                z_ready_thread
 .text.z_sched_wake_thread
                0x00002f14       0x32 kernel/libkernel.a(sched.c.obj)
                0x00002f14                z_sched_wake_thread
 .text.z_thread_timeout
                0x00002f46        0x8 kernel/libkernel.a(sched.c.obj)
                0x00002f46                z_thread_timeout
 .text.z_reschedule_unlocked
                0x00002f4e        0xe kernel/libkernel.a(sched.c.obj)
 .text.z_impl_k_thread_abort
                0x00002f5c        0x4 kernel/libkernel.a(sched.c.obj)
                0x00002f5c                z_impl_k_thread_abort
 .text.next_timeout
                0x00002f60       0x32 kernel/libkernel.a(timeout.c.obj)
 .text.z_abort_timeout
                0x00002f92       0x3a kernel/libkernel.a(timeout.c.obj)
                0x00002f92                z_abort_timeout
 *fill*         0x00002fcc        0x4 
 .text.z_abort_timeout.__stub
                0x00002fd0        0x8 linker stubs
 *(SORT_BY_ALIGNMENT(.gnu.linkonce.t.*))
 *(SORT_BY_ALIGNMENT(.glue_7t))
 .glue_7t       0x00002fd8        0x0 linker stubs
 *(SORT_BY_ALIGNMENT(.glue_7))
 .glue_7        0x00002fd8        0x0 linker stubs
 *(SORT_BY_ALIGNMENT(.vfp11_veneer))
 .vfp11_veneer  0x00002fd8        0x0 linker stubs
 *(SORT_BY_ALIGNMENT(.v4_bx))
 .v4_bx         0x00002fd8        0x0 linker stubs
                0x00002fd8                        __text_region_end = .
                0x00002fd8                        . = ALIGN (_region_min_align)

.ARM.exidx      0x00002fd8        0x8
                0x00002fd8                        __exidx_start = .
 *(SORT_BY_ALIGNMENT(.ARM.exidx*) SORT_BY_ALIGNMENT(gnu.linkonce.armexidx.*))
 .ARM.exidx     0x00002fd8        0x8 /usr/lib/gcc/arm-none-eabi/14.2.1/thumb/v7-r+fp.sp/hard/libgcc.a(_udivmoddi4.o)
                0x00002fe0                        __exidx_end = .

rodata_start    0x00002fe0        0x0
                0x00002fe0                        . = ALIGN (_region_min_align)
                0x00002fe0                        __rodata_region_start = .

initlevel       0x00002fe0       0x30
                0x00002fe0                        __init_start = .
                0x00002fe0                        __init_EARLY_start = .
 *(SORT_BY_NAME(SORT_BY_ALIGNMENT(.z_init_EARLY_P_?_*)))
 *(SORT_BY_NAME(SORT_BY_ALIGNMENT(.z_init_EARLY_P_??_*)))
 *(SORT_BY_NAME(SORT_BY_ALIGNMENT(.z_init_EARLY_P_???_*)))
                0x00002fe0                        __init_PRE_KERNEL_1_start = .
 *(SORT_BY_NAME(SORT_BY_ALIGNMENT(.z_init_PRE_KERNEL_1_P_?_*)))
 *(SORT_BY_NAME(SORT_BY_ALIGNMENT(.z_init_PRE_KERNEL_1_P_??_*)))
 .z_init_PRE_KERNEL_1_P_40_SUB_00014_
                0x00002fe0        0x8 drivers/pinctrl/libdrivers__pinctrl.a(pinctrl_ti_k3.c.obj)
 .z_init_PRE_KERNEL_1_P_50_SUB_00017_
                0x00002fe8        0x8 drivers/serial/libdrivers__serial.a(uart_ns16550.c.obj)
 .z_init_PRE_KERNEL_1_P_60_SUB_0_
                0x00002ff0        0x8 drivers/console/libdrivers__console.a(uart_console.c.obj)
 *(SORT_BY_NAME(SORT_BY_ALIGNMENT(.z_init_PRE_KERNEL_1_P_???_*)))
                0x00002ff8                        __init_PRE_KERNEL_2_start = .
 *(SORT_BY_NAME(SORT_BY_ALIGNMENT(.z_init_PRE_KERNEL_2_P_?_*)))
 .z_init_PRE_KERNEL_2_P_0_SUB_00012_
                0x00002ff8        0x8 drivers/timer/libdrivers__timer.a(ti_dmtimer.c.obj)
 .z_init_PRE_KERNEL_2_P_0_SUB_0_
                0x00003000        0x8 drivers/timer/libdrivers__timer.a(ti_dmtimer.c.obj)
 *(SORT_BY_NAME(SORT_BY_ALIGNMENT(.z_init_PRE_KERNEL_2_P_??_*)))
 .z_init_PRE_KERNEL_2_P_40_SUB_00028_
                0x00003008        0x8 drivers/gpio/libdrivers__gpio.a(gpio_davinci.c.obj)
 *(SORT_BY_NAME(SORT_BY_ALIGNMENT(.z_init_PRE_KERNEL_2_P_???_*)))
                0x00003010                        __init_POST_KERNEL_start = .
 *(SORT_BY_NAME(SORT_BY_ALIGNMENT(.z_init_POST_KERNEL_P_?_*)))
 *(SORT_BY_NAME(SORT_BY_ALIGNMENT(.z_init_POST_KERNEL_P_??_*)))
 *(SORT_BY_NAME(SORT_BY_ALIGNMENT(.z_init_POST_KERNEL_P_???_*)))
                0x00003010                        __init_APPLICATION_start = .
 *(SORT_BY_NAME(SORT_BY_ALIGNMENT(.z_init_APPLICATION_P_?_*)))
 *(SORT_BY_NAME(SORT_BY_ALIGNMENT(.z_init_APPLICATION_P_??_*)))
 *(SORT_BY_NAME(SORT_BY_ALIGNMENT(.z_init_APPLICATION_P_???_*)))
                0x00003010                        __init_SMP_start = .
 *(SORT_BY_NAME(SORT_BY_ALIGNMENT(.z_init_SMP_P_?_*)))
 *(SORT_BY_NAME(SORT_BY_ALIGNMENT(.z_init_SMP_P_??_*)))
 *(SORT_BY_NAME(SORT_BY_ALIGNMENT(.z_init_SMP_P_???_*)))
                0x00003010                        __init_end = .

device_area     0x00003010       0x80
                0x00003010                        _device_list_start = .
 *(SORT_BY_NAME(SORT_BY_ALIGNMENT(._device.static.*_?_*)))
 ._device.static.2_0_
                0x00003010       0x20 drivers/timer/libdrivers__timer.a(ti_dmtimer.c.obj)
                0x00003010                __device_dts_ord_12
 *(SORT_BY_NAME(SORT_BY_ALIGNMENT(._device.static.*_??_*)))
 ._device.static.1_40_
                0x00003030       0x20 drivers/pinctrl/libdrivers__pinctrl.a(pinctrl_ti_k3.c.obj)
                0x00003030                __device_dts_ord_14
 ._device.static.1_50_
                0x00003050       0x20 drivers/serial/libdrivers__serial.a(uart_ns16550.c.obj)
                0x00003050                __device_dts_ord_17
 ._device.static.2_40_
                0x00003070       0x20 drivers/gpio/libdrivers__gpio.a(gpio_davinci.c.obj)
                0x00003070                __device_dts_ord_28
 *(SORT_BY_NAME(SORT_BY_ALIGNMENT(._device.static.*_???_*)))
 *(SORT_BY_NAME(SORT_BY_ALIGNMENT(._device.static.*_????_*)))
 *(SORT_BY_NAME(SORT_BY_ALIGNMENT(._device.static.*_?????_*)))
                0x00003090                        _device_list_end = .

sw_isr_table    0x00003090     0x1000
                0x00003090                        . = ALIGN (0x4)
 *(SORT_BY_ALIGNMENT(.gnu.linkonce.sw_isr_table*))
 .gnu.linkonce.sw_isr_table
                0x00003090     0x1000 CMakeFiles/zephyr_final.dir/isr_tables.c.obj
                0x00003090                _sw_isr_table

initlevel_error
 *(SORT_BY_NAME(SORT_BY_ALIGNMENT(.z_init_*)))
                0x00000001                        ASSERT ((SIZEOF (initlevel_error) == 0x0), Undefined initialization levels used.)

app_shmem_regions
                0x00004090        0x0
                0x00004090                        __app_shmem_regions_start = .
 *(SORT_BY_NAME(SORT_BY_ALIGNMENT(.app_regions.*)))
                0x00004090                        __app_shmem_regions_end = .

k_p4wq_initparam_area
                0x00004090        0x0
                0x00004090                        _k_p4wq_initparam_list_start = .
 *(SORT_BY_NAME(SORT_BY_ALIGNMENT(._k_p4wq_initparam.static.*)))
                0x00004090                        _k_p4wq_initparam_list_end = .

_static_thread_data_area
                0x00004090        0x0
                0x00004090                        __static_thread_data_list_start = .
 *(SORT_BY_NAME(SORT_BY_ALIGNMENT(.__static_thread_data.static.*)))
                0x00004090                        __static_thread_data_list_end = .

device_deps     0x00004090        0x0
                0x00004090                        __device_deps_start = .
 *(SORT_BY_NAME(SORT_BY_ALIGNMENT(.__device_deps_pass2*)))
                0x00004090                        __device_deps_end = .

gpio_driver_api_area
                0x00004090       0x24
                0x00004090                        _gpio_driver_api_list_start = .
 *(SORT_BY_NAME(SORT_BY_ALIGNMENT(._gpio_driver_api.static.*)))
 ._gpio_driver_api.static.gpio_davinci_driver_api_
                0x00004090       0x24 drivers/gpio/libdrivers__gpio.a(gpio_davinci.c.obj)
                0x000040b4                        _gpio_driver_api_list_end = .

shared_irq_driver_api_area
                0x000040b4        0x0
                0x000040b4                        _shared_irq_driver_api_list_start = .
 *(SORT_BY_NAME(SORT_BY_ALIGNMENT(._shared_irq_driver_api.static.*)))
                0x000040b4                        _shared_irq_driver_api_list_end = .

crypto_driver_api_area
                0x000040b4        0x0
                0x000040b4                        _crypto_driver_api_list_start = .
 *(SORT_BY_NAME(SORT_BY_ALIGNMENT(._crypto_driver_api.static.*)))
                0x000040b4                        _crypto_driver_api_list_end = .

adc_driver_api_area
                0x000040b4        0x0
                0x000040b4                        _adc_driver_api_list_start = .
 *(SORT_BY_NAME(SORT_BY_ALIGNMENT(._adc_driver_api.static.*)))
                0x000040b4                        _adc_driver_api_list_end = .

auxdisplay_driver_api_area
                0x000040b4        0x0
                0x000040b4                        _auxdisplay_driver_api_list_start = .
 *(SORT_BY_NAME(SORT_BY_ALIGNMENT(._auxdisplay_driver_api.static.*)))
                0x000040b4                        _auxdisplay_driver_api_list_end = .

bbram_driver_api_area
                0x000040b4        0x0
                0x000040b4                        _bbram_driver_api_list_start = .
 *(SORT_BY_NAME(SORT_BY_ALIGNMENT(._bbram_driver_api.static.*)))
                0x000040b4                        _bbram_driver_api_list_end = .

bt_hci_driver_api_area
                0x000040b4        0x0
                0x000040b4                        _bt_hci_driver_api_list_start = .
 *(SORT_BY_NAME(SORT_BY_ALIGNMENT(._bt_hci_driver_api.static.*)))
                0x000040b4                        _bt_hci_driver_api_list_end = .

can_driver_api_area
                0x000040b4        0x0
                0x000040b4                        _can_driver_api_list_start = .
 *(SORT_BY_NAME(SORT_BY_ALIGNMENT(._can_driver_api.static.*)))
                0x000040b4                        _can_driver_api_list_end = .

cellular_driver_api_area
                0x000040b4        0x0
                0x000040b4                        _cellular_driver_api_list_start = .
 *(SORT_BY_NAME(SORT_BY_ALIGNMENT(._cellular_driver_api.static.*)))
                0x000040b4                        _cellular_driver_api_list_end = .

charger_driver_api_area
                0x000040b4        0x0
                0x000040b4                        _charger_driver_api_list_start = .
 *(SORT_BY_NAME(SORT_BY_ALIGNMENT(._charger_driver_api.static.*)))
                0x000040b4                        _charger_driver_api_list_end = .

clock_control_driver_api_area
                0x000040b4        0x0
                0x000040b4                        _clock_control_driver_api_list_start = .
 *(SORT_BY_NAME(SORT_BY_ALIGNMENT(._clock_control_driver_api.static.*)))
                0x000040b4                        _clock_control_driver_api_list_end = .

comparator_driver_api_area
                0x000040b4        0x0
                0x000040b4                        _comparator_driver_api_list_start = .
 *(SORT_BY_NAME(SORT_BY_ALIGNMENT(._comparator_driver_api.static.*)))
                0x000040b4                        _comparator_driver_api_list_end = .

coredump_driver_api_area
                0x000040b4        0x0
                0x000040b4                        _coredump_driver_api_list_start = .
 *(SORT_BY_NAME(SORT_BY_ALIGNMENT(._coredump_driver_api.static.*)))
                0x000040b4                        _coredump_driver_api_list_end = .

counter_driver_api_area
                0x000040b4        0x0
                0x000040b4                        _counter_driver_api_list_start = .
 *(SORT_BY_NAME(SORT_BY_ALIGNMENT(._counter_driver_api.static.*)))
                0x000040b4                        _counter_driver_api_list_end = .

dac_driver_api_area
                0x000040b4        0x0
                0x000040b4                        _dac_driver_api_list_start = .
 *(SORT_BY_NAME(SORT_BY_ALIGNMENT(._dac_driver_api.static.*)))
                0x000040b4                        _dac_driver_api_list_end = .

dai_driver_api_area
                0x000040b4        0x0
                0x000040b4                        _dai_driver_api_list_start = .
 *(SORT_BY_NAME(SORT_BY_ALIGNMENT(._dai_driver_api.static.*)))
                0x000040b4                        _dai_driver_api_list_end = .

display_driver_api_area
                0x000040b4        0x0
                0x000040b4                        _display_driver_api_list_start = .
 *(SORT_BY_NAME(SORT_BY_ALIGNMENT(._display_driver_api.static.*)))
                0x000040b4                        _display_driver_api_list_end = .

dma_driver_api_area
                0x000040b4        0x0
                0x000040b4                        _dma_driver_api_list_start = .
 *(SORT_BY_NAME(SORT_BY_ALIGNMENT(._dma_driver_api.static.*)))
                0x000040b4                        _dma_driver_api_list_end = .

edac_driver_api_area
                0x000040b4        0x0
                0x000040b4                        _edac_driver_api_list_start = .
 *(SORT_BY_NAME(SORT_BY_ALIGNMENT(._edac_driver_api.static.*)))
                0x000040b4                        _edac_driver_api_list_end = .

eeprom_driver_api_area
                0x000040b4        0x0
                0x000040b4                        _eeprom_driver_api_list_start = .
 *(SORT_BY_NAME(SORT_BY_ALIGNMENT(._eeprom_driver_api.static.*)))
                0x000040b4                        _eeprom_driver_api_list_end = .

emul_bbram_driver_api_area
                0x000040b4        0x0
                0x000040b4                        _emul_bbram_driver_api_list_start = .
 *(SORT_BY_NAME(SORT_BY_ALIGNMENT(._emul_bbram_driver_api.static.*)))
                0x000040b4                        _emul_bbram_driver_api_list_end = .

fuel_gauge_emul_driver_api_area
                0x000040b4        0x0
                0x000040b4                        _fuel_gauge_emul_driver_api_list_start = .
 *(SORT_BY_NAME(SORT_BY_ALIGNMENT(._fuel_gauge_emul_driver_api.static.*)))
                0x000040b4                        _fuel_gauge_emul_driver_api_list_end = .

emul_sensor_driver_api_area
                0x000040b4        0x0
                0x000040b4                        _emul_sensor_driver_api_list_start = .
 *(SORT_BY_NAME(SORT_BY_ALIGNMENT(._emul_sensor_driver_api.static.*)))
                0x000040b4                        _emul_sensor_driver_api_list_end = .

entropy_driver_api_area
                0x000040b4        0x0
                0x000040b4                        _entropy_driver_api_list_start = .
 *(SORT_BY_NAME(SORT_BY_ALIGNMENT(._entropy_driver_api.static.*)))
                0x000040b4                        _entropy_driver_api_list_end = .

espi_driver_api_area
                0x000040b4        0x0
                0x000040b4                        _espi_driver_api_list_start = .
 *(SORT_BY_NAME(SORT_BY_ALIGNMENT(._espi_driver_api.static.*)))
                0x000040b4                        _espi_driver_api_list_end = .

espi_saf_driver_api_area
                0x000040b4        0x0
                0x000040b4                        _espi_saf_driver_api_list_start = .
 *(SORT_BY_NAME(SORT_BY_ALIGNMENT(._espi_saf_driver_api.static.*)))
                0x000040b4                        _espi_saf_driver_api_list_end = .

flash_driver_api_area
                0x000040b4        0x0
                0x000040b4                        _flash_driver_api_list_start = .
 *(SORT_BY_NAME(SORT_BY_ALIGNMENT(._flash_driver_api.static.*)))
                0x000040b4                        _flash_driver_api_list_end = .

fpga_driver_api_area
                0x000040b4        0x0
                0x000040b4                        _fpga_driver_api_list_start = .
 *(SORT_BY_NAME(SORT_BY_ALIGNMENT(._fpga_driver_api.static.*)))
                0x000040b4                        _fpga_driver_api_list_end = .

fuel_gauge_driver_api_area
                0x000040b4        0x0
                0x000040b4                        _fuel_gauge_driver_api_list_start = .
 *(SORT_BY_NAME(SORT_BY_ALIGNMENT(._fuel_gauge_driver_api.static.*)))
                0x000040b4                        _fuel_gauge_driver_api_list_end = .

gnss_driver_api_area
                0x000040b4        0x0
                0x000040b4                        _gnss_driver_api_list_start = .
 *(SORT_BY_NAME(SORT_BY_ALIGNMENT(._gnss_driver_api.static.*)))
                0x000040b4                        _gnss_driver_api_list_end = .

haptics_driver_api_area
                0x000040b4        0x0
                0x000040b4                        _haptics_driver_api_list_start = .
 *(SORT_BY_NAME(SORT_BY_ALIGNMENT(._haptics_driver_api.static.*)))
                0x000040b4                        _haptics_driver_api_list_end = .

hwspinlock_driver_api_area
                0x000040b4        0x0
                0x000040b4                        _hwspinlock_driver_api_list_start = .
 *(SORT_BY_NAME(SORT_BY_ALIGNMENT(._hwspinlock_driver_api.static.*)))
                0x000040b4                        _hwspinlock_driver_api_list_end = .

i2c_driver_api_area
                0x000040b4        0x0
                0x000040b4                        _i2c_driver_api_list_start = .
 *(SORT_BY_NAME(SORT_BY_ALIGNMENT(._i2c_driver_api.static.*)))
                0x000040b4                        _i2c_driver_api_list_end = .

i2c_target_driver_api_area
                0x000040b4        0x0
                0x000040b4                        _i2c_target_driver_api_list_start = .
 *(SORT_BY_NAME(SORT_BY_ALIGNMENT(._i2c_target_driver_api.static.*)))
                0x000040b4                        _i2c_target_driver_api_list_end = .

i2s_driver_api_area
                0x000040b4        0x0
                0x000040b4                        _i2s_driver_api_list_start = .
 *(SORT_BY_NAME(SORT_BY_ALIGNMENT(._i2s_driver_api.static.*)))
                0x000040b4                        _i2s_driver_api_list_end = .

i3c_driver_api_area
                0x000040b4        0x0
                0x000040b4                        _i3c_driver_api_list_start = .
 *(SORT_BY_NAME(SORT_BY_ALIGNMENT(._i3c_driver_api.static.*)))
                0x000040b4                        _i3c_driver_api_list_end = .

ipm_driver_api_area
                0x000040b4        0x0
                0x000040b4                        _ipm_driver_api_list_start = .
 *(SORT_BY_NAME(SORT_BY_ALIGNMENT(._ipm_driver_api.static.*)))
                0x000040b4                        _ipm_driver_api_list_end = .

led_driver_api_area
                0x000040b4        0x0
                0x000040b4                        _led_driver_api_list_start = .
 *(SORT_BY_NAME(SORT_BY_ALIGNMENT(._led_driver_api.static.*)))
                0x000040b4                        _led_driver_api_list_end = .

led_strip_driver_api_area
                0x000040b4        0x0
                0x000040b4                        _led_strip_driver_api_list_start = .
 *(SORT_BY_NAME(SORT_BY_ALIGNMENT(._led_strip_driver_api.static.*)))
                0x000040b4                        _led_strip_driver_api_list_end = .

lora_driver_api_area
                0x000040b4        0x0
                0x000040b4                        _lora_driver_api_list_start = .
 *(SORT_BY_NAME(SORT_BY_ALIGNMENT(._lora_driver_api.static.*)))
                0x000040b4                        _lora_driver_api_list_end = .

mbox_driver_api_area
                0x000040b4        0x0
                0x000040b4                        _mbox_driver_api_list_start = .
 *(SORT_BY_NAME(SORT_BY_ALIGNMENT(._mbox_driver_api.static.*)))
                0x000040b4                        _mbox_driver_api_list_end = .

mdio_driver_api_area
                0x000040b4        0x0
                0x000040b4                        _mdio_driver_api_list_start = .
 *(SORT_BY_NAME(SORT_BY_ALIGNMENT(._mdio_driver_api.static.*)))
                0x000040b4                        _mdio_driver_api_list_end = .

mipi_dbi_driver_api_area
                0x000040b4        0x0
                0x000040b4                        _mipi_dbi_driver_api_list_start = .
 *(SORT_BY_NAME(SORT_BY_ALIGNMENT(._mipi_dbi_driver_api.static.*)))
                0x000040b4                        _mipi_dbi_driver_api_list_end = .

mipi_dsi_driver_api_area
                0x000040b4        0x0
                0x000040b4                        _mipi_dsi_driver_api_list_start = .
 *(SORT_BY_NAME(SORT_BY_ALIGNMENT(._mipi_dsi_driver_api.static.*)))
                0x000040b4                        _mipi_dsi_driver_api_list_end = .

mspi_driver_api_area
                0x000040b4        0x0
                0x000040b4                        _mspi_driver_api_list_start = .
 *(SORT_BY_NAME(SORT_BY_ALIGNMENT(._mspi_driver_api.static.*)))
                0x000040b4                        _mspi_driver_api_list_end = .

peci_driver_api_area
                0x000040b4        0x0
                0x000040b4                        _peci_driver_api_list_start = .
 *(SORT_BY_NAME(SORT_BY_ALIGNMENT(._peci_driver_api.static.*)))
                0x000040b4                        _peci_driver_api_list_end = .

ps2_driver_api_area
                0x000040b4        0x0
                0x000040b4                        _ps2_driver_api_list_start = .
 *(SORT_BY_NAME(SORT_BY_ALIGNMENT(._ps2_driver_api.static.*)))
                0x000040b4                        _ps2_driver_api_list_end = .

ptp_clock_driver_api_area
                0x000040b4        0x0
                0x000040b4                        _ptp_clock_driver_api_list_start = .
 *(SORT_BY_NAME(SORT_BY_ALIGNMENT(._ptp_clock_driver_api.static.*)))
                0x000040b4                        _ptp_clock_driver_api_list_end = .

pwm_driver_api_area
                0x000040b4        0x0
                0x000040b4                        _pwm_driver_api_list_start = .
 *(SORT_BY_NAME(SORT_BY_ALIGNMENT(._pwm_driver_api.static.*)))
                0x000040b4                        _pwm_driver_api_list_end = .

regulator_parent_driver_api_area
                0x000040b4        0x0
                0x000040b4                        _regulator_parent_driver_api_list_start = .
 *(SORT_BY_NAME(SORT_BY_ALIGNMENT(._regulator_parent_driver_api.static.*)))
                0x000040b4                        _regulator_parent_driver_api_list_end = .

regulator_driver_api_area
                0x000040b4        0x0
                0x000040b4                        _regulator_driver_api_list_start = .
 *(SORT_BY_NAME(SORT_BY_ALIGNMENT(._regulator_driver_api.static.*)))
                0x000040b4                        _regulator_driver_api_list_end = .

reset_driver_api_area
                0x000040b4        0x0
                0x000040b4                        _reset_driver_api_list_start = .
 *(SORT_BY_NAME(SORT_BY_ALIGNMENT(._reset_driver_api.static.*)))
                0x000040b4                        _reset_driver_api_list_end = .

retained_mem_driver_api_area
                0x000040b4        0x0
                0x000040b4                        _retained_mem_driver_api_list_start = .
 *(SORT_BY_NAME(SORT_BY_ALIGNMENT(._retained_mem_driver_api.static.*)))
                0x000040b4                        _retained_mem_driver_api_list_end = .

rtc_driver_api_area
                0x000040b4        0x0
                0x000040b4                        _rtc_driver_api_list_start = .
 *(SORT_BY_NAME(SORT_BY_ALIGNMENT(._rtc_driver_api.static.*)))
                0x000040b4                        _rtc_driver_api_list_end = .

sdhc_driver_api_area
                0x000040b4        0x0
                0x000040b4                        _sdhc_driver_api_list_start = .
 *(SORT_BY_NAME(SORT_BY_ALIGNMENT(._sdhc_driver_api.static.*)))
                0x000040b4                        _sdhc_driver_api_list_end = .

sensor_driver_api_area
                0x000040b4        0x0
                0x000040b4                        _sensor_driver_api_list_start = .
 *(SORT_BY_NAME(SORT_BY_ALIGNMENT(._sensor_driver_api.static.*)))
                0x000040b4                        _sensor_driver_api_list_end = .

smbus_driver_api_area
                0x000040b4        0x0
                0x000040b4                        _smbus_driver_api_list_start = .
 *(SORT_BY_NAME(SORT_BY_ALIGNMENT(._smbus_driver_api.static.*)))
                0x000040b4                        _smbus_driver_api_list_end = .

spi_driver_api_area
                0x000040b4        0x0
                0x000040b4                        _spi_driver_api_list_start = .
 *(SORT_BY_NAME(SORT_BY_ALIGNMENT(._spi_driver_api.static.*)))
                0x000040b4                        _spi_driver_api_list_end = .

stepper_driver_api_area
                0x000040b4        0x0
                0x000040b4                        _stepper_driver_api_list_start = .
 *(SORT_BY_NAME(SORT_BY_ALIGNMENT(._stepper_driver_api.static.*)))
                0x000040b4                        _stepper_driver_api_list_end = .

syscon_driver_api_area
                0x000040b4        0x0
                0x000040b4                        _syscon_driver_api_list_start = .
 *(SORT_BY_NAME(SORT_BY_ALIGNMENT(._syscon_driver_api.static.*)))
                0x000040b4                        _syscon_driver_api_list_end = .

tee_driver_api_area
                0x000040b4        0x0
                0x000040b4                        _tee_driver_api_list_start = .
 *(SORT_BY_NAME(SORT_BY_ALIGNMENT(._tee_driver_api.static.*)))
                0x000040b4                        _tee_driver_api_list_end = .

video_driver_api_area
                0x000040b4        0x0
                0x000040b4                        _video_driver_api_list_start = .
 *(SORT_BY_NAME(SORT_BY_ALIGNMENT(._video_driver_api.static.*)))
                0x000040b4                        _video_driver_api_list_end = .

w1_driver_api_area
                0x000040b4        0x0
                0x000040b4                        _w1_driver_api_list_start = .
 *(SORT_BY_NAME(SORT_BY_ALIGNMENT(._w1_driver_api.static.*)))
                0x000040b4                        _w1_driver_api_list_end = .

wdt_driver_api_area
                0x000040b4        0x0
                0x000040b4                        _wdt_driver_api_list_start = .
 *(SORT_BY_NAME(SORT_BY_ALIGNMENT(._wdt_driver_api.static.*)))
                0x000040b4                        _wdt_driver_api_list_end = .

can_transceiver_driver_api_area
                0x000040b4        0x0
                0x000040b4                        _can_transceiver_driver_api_list_start = .
 *(SORT_BY_NAME(SORT_BY_ALIGNMENT(._can_transceiver_driver_api.static.*)))
                0x000040b4                        _can_transceiver_driver_api_list_end = .

nrf_clock_control_driver_api_area
                0x000040b4        0x0
                0x000040b4                        _nrf_clock_control_driver_api_list_start = .
 *(SORT_BY_NAME(SORT_BY_ALIGNMENT(._nrf_clock_control_driver_api.static.*)))
                0x000040b4                        _nrf_clock_control_driver_api_list_end = .

i3c_target_driver_api_area
                0x000040b4        0x0
                0x000040b4                        _i3c_target_driver_api_list_start = .
 *(SORT_BY_NAME(SORT_BY_ALIGNMENT(._i3c_target_driver_api.static.*)))
                0x000040b4                        _i3c_target_driver_api_list_end = .

its_driver_api_area
                0x000040b4        0x0
                0x000040b4                        _its_driver_api_list_start = .
 *(SORT_BY_NAME(SORT_BY_ALIGNMENT(._its_driver_api.static.*)))
                0x000040b4                        _its_driver_api_list_end = .

vtd_driver_api_area
                0x000040b4        0x0
                0x000040b4                        _vtd_driver_api_list_start = .
 *(SORT_BY_NAME(SORT_BY_ALIGNMENT(._vtd_driver_api.static.*)))
                0x000040b4                        _vtd_driver_api_list_end = .

tgpio_driver_api_area
                0x000040b4        0x0
                0x000040b4                        _tgpio_driver_api_list_start = .
 *(SORT_BY_NAME(SORT_BY_ALIGNMENT(._tgpio_driver_api.static.*)))
                0x000040b4                        _tgpio_driver_api_list_end = .

pcie_ctrl_driver_api_area
                0x000040b4        0x0
                0x000040b4                        _pcie_ctrl_driver_api_list_start = .
 *(SORT_BY_NAME(SORT_BY_ALIGNMENT(._pcie_ctrl_driver_api.static.*)))
                0x000040b4                        _pcie_ctrl_driver_api_list_end = .

pcie_ep_driver_api_area
                0x000040b4        0x0
                0x000040b4                        _pcie_ep_driver_api_list_start = .
 *(SORT_BY_NAME(SORT_BY_ALIGNMENT(._pcie_ep_driver_api.static.*)))
                0x000040b4                        _pcie_ep_driver_api_list_end = .

svc_driver_api_area
                0x000040b4        0x0
                0x000040b4                        _svc_driver_api_list_start = .
 *(SORT_BY_NAME(SORT_BY_ALIGNMENT(._svc_driver_api.static.*)))
                0x000040b4                        _svc_driver_api_list_end = .

uart_driver_api_area
                0x000040b4       0x4c
                0x000040b4                        _uart_driver_api_list_start = .
 *(SORT_BY_NAME(SORT_BY_ALIGNMENT(._uart_driver_api.static.*)))
 ._uart_driver_api.static.uart_ns16550_driver_api_
                0x000040b4       0x4c drivers/serial/libdrivers__serial.a(uart_ns16550.c.obj)
                0x00004100                        _uart_driver_api_list_end = .

bc12_emul_driver_api_area
                0x00004100        0x0
                0x00004100                        _bc12_emul_driver_api_list_start = .
 *(SORT_BY_NAME(SORT_BY_ALIGNMENT(._bc12_emul_driver_api.static.*)))
                0x00004100                        _bc12_emul_driver_api_list_end = .

bc12_driver_api_area
                0x00004100        0x0
                0x00004100                        _bc12_driver_api_list_start = .
 *(SORT_BY_NAME(SORT_BY_ALIGNMENT(._bc12_driver_api.static.*)))
                0x00004100                        _bc12_driver_api_list_end = .

usbc_ppc_driver_api_area
                0x00004100        0x0
                0x00004100                        _usbc_ppc_driver_api_list_start = .
 *(SORT_BY_NAME(SORT_BY_ALIGNMENT(._usbc_ppc_driver_api.static.*)))
                0x00004100                        _usbc_ppc_driver_api_list_end = .

tcpc_driver_api_area
                0x00004100        0x0
                0x00004100                        _tcpc_driver_api_list_start = .
 *(SORT_BY_NAME(SORT_BY_ALIGNMENT(._tcpc_driver_api.static.*)))
                0x00004100                        _tcpc_driver_api_list_end = .

usbc_vbus_driver_api_area
                0x00004100        0x0
                0x00004100                        _usbc_vbus_driver_api_list_start = .
 *(SORT_BY_NAME(SORT_BY_ALIGNMENT(._usbc_vbus_driver_api.static.*)))
                0x00004100                        _usbc_vbus_driver_api_list_end = .

ivshmem_driver_api_area
                0x00004100        0x0
                0x00004100                        _ivshmem_driver_api_list_start = .
 *(SORT_BY_NAME(SORT_BY_ALIGNMENT(._ivshmem_driver_api.static.*)))
                0x00004100                        _ivshmem_driver_api_list_end = .

ethphy_driver_api_area
                0x00004100        0x0
                0x00004100                        _ethphy_driver_api_list_start = .
 *(SORT_BY_NAME(SORT_BY_ALIGNMENT(._ethphy_driver_api.static.*)))
                0x00004100                        _ethphy_driver_api_list_end = .

ztest           0x00004100        0x0
                0x00004100                        _ztest_expected_result_entry_list_start = .
 *(SORT_BY_NAME(SORT_BY_ALIGNMENT(._ztest_expected_result_entry.static.*)))
                0x00004100                        _ztest_expected_result_entry_list_end = .
                0x00004100                        _ztest_suite_node_list_start = .
 *(SORT_BY_NAME(SORT_BY_ALIGNMENT(._ztest_suite_node.static.*)))
                0x00004100                        _ztest_suite_node_list_end = .
                0x00004100                        _ztest_unit_test_list_start = .
 *(SORT_BY_NAME(SORT_BY_ALIGNMENT(._ztest_unit_test.static.*)))
                0x00004100                        _ztest_unit_test_list_end = .
                0x00004100                        _ztest_test_rule_list_start = .
 *(SORT_BY_NAME(SORT_BY_ALIGNMENT(._ztest_test_rule.static.*)))
                0x00004100                        _ztest_test_rule_list_end = .

init_array
 *(SORT_BY_NAME(SORT_BY_ALIGNMENT(.ctors*)))
 *(SORT_BY_NAME(SORT_BY_ALIGNMENT(.init_array*)))
                0x00000001                        ASSERT ((SIZEOF (init_array) == 0x0), GNU-style constructors required but STATIC_INIT_GNU not enabled)

bt_l2cap_fixed_chan_area
                0x00004100        0x0
                0x00004100                        _bt_l2cap_fixed_chan_list_start = .
 *(SORT_BY_NAME(SORT_BY_ALIGNMENT(._bt_l2cap_fixed_chan.static.*)))
                0x00004100                        _bt_l2cap_fixed_chan_list_end = .

bt_gatt_service_static_area
                0x00004100        0x0
                0x00004100                        _bt_gatt_service_static_list_start = .
 *(SORT_BY_NAME(SORT_BY_ALIGNMENT(._bt_gatt_service_static.static.*)))
                0x00004100                        _bt_gatt_service_static_list_end = .

log_strings_area
                0x00004100        0x0
                0x00004100                        _log_strings_list_start = .
 *(SORT_BY_NAME(SORT_BY_ALIGNMENT(._log_strings.static.*)))
                0x00004100                        _log_strings_list_end = .

log_stmesp_ptr_area
                0x00004100        0x0
                0x00004100                        _log_stmesp_ptr_list_start = .
 *(SORT_BY_NAME(SORT_BY_ALIGNMENT(._log_stmesp_ptr.static.*)))
                0x00004100                        _log_stmesp_ptr_list_end = .

log_stmesp_str_area
                0x00004100        0x0
                0x00004100                        _log_stmesp_str_list_start = .
 *(SORT_BY_NAME(SORT_BY_ALIGNMENT(._log_stmesp_str.static.*)))
                0x00004100                        _log_stmesp_str_list_end = .

log_const_area  0x00004100        0x0
                0x00004100                        _log_const_list_start = .
 *(SORT_BY_NAME(SORT_BY_ALIGNMENT(._log_const.static.*)))
                0x00004100                        _log_const_list_end = .

log_backend_area
                0x00004100        0x0
                0x00004100                        _log_backend_list_start = .
 *(SORT_BY_NAME(SORT_BY_ALIGNMENT(._log_backend.static.*)))
                0x00004100                        _log_backend_list_end = .

log_link_area   0x00004100        0x0
                0x00004100                        _log_link_list_start = .
 *(SORT_BY_NAME(SORT_BY_ALIGNMENT(._log_link.static.*)))
                0x00004100                        _log_link_list_end = .

tracing_backend_area
                0x00004100        0x0
                0x00004100                        _tracing_backend_list_start = .
 *(SORT_BY_NAME(SORT_BY_ALIGNMENT(._tracing_backend.static.*)))
                0x00004100                        _tracing_backend_list_end = .

zephyr_dbg_info
 *(SORT_BY_ALIGNMENT(.dbg_thread_info))

intc_table_area
                0x00004100        0x0
                0x00004100                        _intc_table_list_start = .
 *(SORT_BY_NAME(SORT_BY_ALIGNMENT(._intc_table.static.*)))
                0x00004100                        _intc_table_list_end = .

symbol_to_keep  0x00004100        0x0
                0x00004100                        __symbol_to_keep_start = .
 *(SORT_BY_NAME(SORT_BY_ALIGNMENT(.symbol_to_keep*)))
                0x00004100                        __symbol_to_keep_end = .

shell_area      0x00004100        0x0
                0x00004100                        _shell_list_start = .
 *(SORT_BY_NAME(SORT_BY_ALIGNMENT(._shell.static.*)))
                0x00004100                        _shell_list_end = .

shell_root_cmds_area
                0x00004100        0x0
                0x00004100                        _shell_root_cmds_list_start = .
 *(SORT_BY_NAME(SORT_BY_ALIGNMENT(._shell_root_cmds.static.*)))
                0x00004100                        _shell_root_cmds_list_end = .

shell_subcmds_area
                0x00004100        0x0
                0x00004100                        _shell_subcmds_list_start = .
 *(SORT_BY_NAME(SORT_BY_ALIGNMENT(._shell_subcmds.static.*)))
                0x00004100                        _shell_subcmds_list_end = .

shell_dynamic_subcmds_area
                0x00004100        0x0
                0x00004100                        _shell_dynamic_subcmds_list_start = .
 *(SORT_BY_NAME(SORT_BY_ALIGNMENT(._shell_dynamic_subcmds.static.*)))
                0x00004100                        _shell_dynamic_subcmds_list_end = .

cfb_font_area   0x00004100        0x0
                0x00004100                        _cfb_font_list_start = .
 *(SORT_BY_NAME(SORT_BY_ALIGNMENT(._cfb_font.static.*)))
                0x00004100                        _cfb_font_list_end = .

rodata          0x00004100      0x16c
 *(SORT_BY_ALIGNMENT(.rodata))
 *(SORT_BY_ALIGNMENT(.rodata.*))
 .rodata.neopixel
                0x00004100        0x8 ../app/libapp.a(neopixel_driver.c.obj)
 .rodata.btn    0x00004108        0x8 ../app/libapp.a(neopixel_driver.c.obj)
 .rodata.joy    0x00004110        0x8 ../app/libapp.a(neopixel_driver.c.obj)
 .rodata.gpio_davinci_0_config
                0x00004118       0x14 drivers/gpio/libdrivers__gpio.a(gpio_davinci.c.obj)
 .rodata.__pinctrl_dev_config__device_dts_ord_28
                0x0000412c        0x8 drivers/gpio/libdrivers__gpio.a(gpio_davinci.c.obj)
 .rodata.__pinctrl_states__device_dts_ord_28
                0x00004134        0x8 drivers/gpio/libdrivers__gpio.a(gpio_davinci.c.obj)
 .rodata.__pinctrl_state_pins_0__device_dts_ord_28
                0x0000413c        0x8 drivers/gpio/libdrivers__gpio.a(gpio_davinci.c.obj)
 .rodata.uart_ns16550_dev_cfg_0
                0x00004144       0x1c drivers/serial/libdrivers__serial.a(uart_ns16550.c.obj)
 .rodata.__pinctrl_dev_config__device_dts_ord_17
                0x00004160        0x8 drivers/serial/libdrivers__serial.a(uart_ns16550.c.obj)
 .rodata.__pinctrl_states__device_dts_ord_17
                0x00004168        0x8 drivers/serial/libdrivers__serial.a(uart_ns16550.c.obj)
 .rodata.__pinctrl_state_pins_0__device_dts_ord_17
                0x00004170       0x10 drivers/serial/libdrivers__serial.a(uart_ns16550.c.obj)
 .rodata.ti_dm_timer_config_0
                0x00004180        0x4 drivers/timer/libdrivers__timer.a(ti_dmtimer.c.obj)
 .rodata.levels.0
                0x00004184       0x18 kernel/libkernel.a(init.c.obj)
 .rodata.initialize_gpio.str1.1
                0x0000419c       0xcd ../app/libapp.a(neopixel_driver.c.obj)
                                 0x38 (size before relaxing)
 .rodata.main.str1.1
                0x00004269       0x13 ../app/libapp.a(neopixel_driver.c.obj)
 .rodata.z_cbvprintf_impl.str1.1
                0x00004269        0x6 libzephyr.a(cbprintf_complete.c.obj)
 .rodata._exit.str1.1
                0x00004269        0x6 lib/libc/minimal/liblib__libc__minimal.a(exit.c.obj)
 .rodata.str1.1
                0x00004269        0xd drivers/gpio/libdrivers__gpio.a(gpio_davinci.c.obj)
 .rodata.str1.1
                0x00004269        0xe drivers/pinctrl/libdrivers__pinctrl.a(pinctrl_ti_k3.c.obj)
 .rodata.str1.1
                0x00004269        0xd drivers/serial/libdrivers__serial.a(uart_ns16550.c.obj)
 .rodata.str1.1
                0x00004269        0xe drivers/timer/libdrivers__timer.a(ti_dmtimer.c.obj)
 .rodata.z_cstart.str1.1
                0x00004269        0x5 kernel/libkernel.a(init.c.obj)
 .rodata.boot_banner.str1.1
                0x00004269       0x3b kernel/libkernel.a(banner.c.obj)
 *(SORT_BY_ALIGNMENT(.gnu.linkonce.r.*))
                0x000042a4                        . = ALIGN (0x4)
 *fill*         0x00004269        0x3 
                0x0000426c                        . = ALIGN (_region_min_align)
                0x0000426c                        __rodata_region_end = .
                0x0000426c                        __rom_region_end = .
                0x0000426c                        . = ALIGN (_region_min_align)
                0x0000001c                        _image_rom_end_order = ((LOG2CEIL (__rom_region_end) - 0x1) << 0x1)

.got            0x0000426c        0x0
 *(SORT_BY_ALIGNMENT(.got.plt))
 *(SORT_BY_ALIGNMENT(.igot.plt))
 .igot.plt      0x0000426c        0x0 CMakeFiles/zephyr_final.dir/isr_tables.c.obj
 *(SORT_BY_ALIGNMENT(.got))
 *(SORT_BY_ALIGNMENT(.igot))
                0x0000426c                        . = ALIGN (_region_min_align)
                0x0000426c                        _image_ram_start = .

bss             0x00004270      0x296
                0x00004270                        . = ALIGN (0x4)
                0x00004270                        __bss_start = .
                0x00004270                        __kernel_ram_start = .
 *(SORT_BY_ALIGNMENT(.bss))
 *(SORT_BY_ALIGNMENT(.bss.*))
 .bss.z_idle_threads
                0x00004270       0xb8 kernel/libkernel.a(init.c.obj)
                0x00004270                z_idle_threads
 .bss.z_main_thread
                0x00004328       0xb8 kernel/libkernel.a(init.c.obj)
                0x00004328                z_main_thread
 .bss._thread_dummy
                0x000043e0       0xb8 kernel/libkernel.a(sched.c.obj)
                0x000043e0                _thread_dummy
 .bss.slice_timeouts
                0x00004498       0x18 kernel/libkernel.a(timeslicing.c.obj)
 .bss.curr_tick
                0x000044b0        0x8 kernel/libkernel.a(timeout.c.obj)
 .bss.junk_delay
                0x000044b8        0x4 ../app/libapp.a(neopixel_driver.c.obj)
                0x000044b8                junk_delay
 .bss.gpio_davinci_0_data
                0x000044bc        0xc drivers/gpio/libdrivers__gpio.a(gpio_davinci.c.obj)
 .bss.ti_dm_timer_data_0
                0x000044c8        0x4 drivers/timer/libdrivers__timer.a(ti_dmtimer.c.obj)
 .bss.systick_timer_dev
                0x000044cc        0x4 drivers/timer/libdrivers__timer.a(ti_dmtimer.c.obj)
 .bss._kernel   0x000044d0       0x28 kernel/libkernel.a(init.c.obj)
                0x000044d0                _kernel
 .bss.slice_max_prio
                0x000044f8        0x4 kernel/libkernel.a(timeslicing.c.obj)
 .bss.slice_ticks
                0x000044fc        0x4 kernel/libkernel.a(timeslicing.c.obj)
 .bss.announce_remaining
                0x00004500        0x4 kernel/libkernel.a(timeout.c.obj)
 .bss.pinctrl_ti_k3_dev
                0x00004504        0x0 drivers/pinctrl/libdrivers__pinctrl.a(pinctrl_ti_k3.c.obj)
 .bss.z_sys_post_kernel
                0x00004504        0x1 kernel/libkernel.a(init.c.obj)
                0x00004504                z_sys_post_kernel
 .bss._sched_spinlock
                0x00004505        0x0 kernel/libkernel.a(sched.c.obj)
                0x00004505                _sched_spinlock
 .bss.slice_expired
                0x00004505        0x1 kernel/libkernel.a(timeslicing.c.obj)
 *(SORT_BY_ALIGNMENT(COMMON))
 *(SORT_BY_ALIGNMENT(.kernel_bss.*))
                0x00004508                        __bss_end = ALIGN (0x4)

noinit          0x00004508     0x1640
 *(SORT_BY_ALIGNMENT(.noinit))
 *(SORT_BY_ALIGNMENT(.noinit.*))
 .noinit."WEST_TOPDIR/zephyr/arch/arm/core/cortex_a_r/stacks.c".4
                0x00004508      0x400 arch/arch/arm/core/cortex_a_r/libarch__arm__core__cortex_a_r.a(stacks.c.obj)
                0x00004508                z_arm_sys_stack
 .noinit."WEST_TOPDIR/zephyr/arch/arm/core/cortex_a_r/stacks.c".3
                0x00004908      0x200 arch/arch/arm/core/cortex_a_r/libarch__arm__core__cortex_a_r.a(stacks.c.obj)
                0x00004908                z_arm_svc_stack
 .noinit."WEST_TOPDIR/zephyr/arch/arm/core/cortex_a_r/stacks.c".2
                0x00004b08      0x100 arch/arch/arm/core/cortex_a_r/libarch__arm__core__cortex_a_r.a(stacks.c.obj)
                0x00004b08                z_arm_undef_stack
 .noinit."WEST_TOPDIR/zephyr/arch/arm/core/cortex_a_r/stacks.c".1
                0x00004c08      0x100 arch/arch/arm/core/cortex_a_r/libarch__arm__core__cortex_a_r.a(stacks.c.obj)
                0x00004c08                z_arm_abort_stack
 .noinit."WEST_TOPDIR/zephyr/arch/arm/core/cortex_a_r/stacks.c".0
                0x00004d08      0x100 arch/arch/arm/core/cortex_a_r/libarch__arm__core__cortex_a_r.a(stacks.c.obj)
                0x00004d08                z_arm_fiq_stack
 .noinit."WEST_TOPDIR/zephyr/kernel/init.c".2
                0x00004e08      0x800 kernel/libkernel.a(init.c.obj)
                0x00004e08                z_interrupt_stacks
 .noinit."WEST_TOPDIR/zephyr/kernel/init.c".1
                0x00005608      0x140 kernel/libkernel.a(init.c.obj)
 .noinit."WEST_TOPDIR/zephyr/kernel/init.c".0
                0x00005748      0x400 kernel/libkernel.a(init.c.obj)
                0x00005748                z_main_stack

datas           0x00005b48       0x58
                0x00005b48                        __data_region_start = .
                0x00005b48                        __data_start = .
 *(SORT_BY_ALIGNMENT(.data))
 *(SORT_BY_ALIGNMENT(.data.*))
 .data._char_out
                0x00005b48        0x4 libzephyr.a(printk.c.obj)
 .data.handler  0x00005b4c        0x4 arch/arch/arm/core/libarch__arm__core.a(nmi.c.obj)
 .data.arm_cpu_boot_params
                0x00005b50       0x2c arch/arch/arm/core/cortex_a_r/libarch__arm__core__cortex_a_r.a(smp.c.obj)
                0x00005b50                arm_cpu_boot_params
 .data._stdout_hook
                0x00005b7c        0x4 lib/libc/minimal/liblib__libc__minimal.a(stdout_console.c.obj)
 .data.pinctrl_ti_k3_cfg
                0x00005b80        0x4 drivers/pinctrl/libdrivers__pinctrl.a(pinctrl_ti_k3.c.obj)
 .data.uart_ns16550_dev_data_0
                0x00005b84       0x14 drivers/serial/libdrivers__serial.a(uart_ns16550.c.obj)
 .data.timeout_list
                0x00005b98        0x8 kernel/libkernel.a(timeout.c.obj)
 *(SORT_BY_ALIGNMENT(.kernel.*))
                0x00005ba0                        __data_end = .
                0x00000058                        __data_size = (__data_end - __data_start)
                0x00005b48                        __data_load_start = LOADADDR (datas)
                0x00005b48                        __data_region_load_start = LOADADDR (datas)

device_states   0x00005ba0        0x8
                0x00005ba0                        __device_states_start = .
 *(SORT_BY_ALIGNMENT(.z_devstate))
 .z_devstate    0x00005ba0        0x2 drivers/gpio/libdrivers__gpio.a(gpio_davinci.c.obj)
 .z_devstate    0x00005ba2        0x2 drivers/pinctrl/libdrivers__pinctrl.a(pinctrl_ti_k3.c.obj)
 .z_devstate    0x00005ba4        0x2 drivers/serial/libdrivers__serial.a(uart_ns16550.c.obj)
 .z_devstate    0x00005ba6        0x2 drivers/timer/libdrivers__timer.a(ti_dmtimer.c.obj)
 *(SORT_BY_ALIGNMENT(.z_devstate.*))
                0x00005ba8                        __device_states_end = .

log_mpsc_pbuf_area
                0x00005ba8        0x0
                0x00005ba8                        _log_mpsc_pbuf_list_start = .
 *(SORT_BY_NAME(SORT_BY_ALIGNMENT(._log_mpsc_pbuf.static.*)))
                0x00005ba8                        _log_mpsc_pbuf_list_end = .

log_msg_ptr_area
                0x00005ba8        0x0
                0x00005ba8                        _log_msg_ptr_list_start = .
 *(SORT_BY_NAME(SORT_BY_ALIGNMENT(._log_msg_ptr.static.*)))
                0x00005ba8                        _log_msg_ptr_list_end = .

log_dynamic_area
                0x00005ba8        0x0
                0x00005ba8                        _log_dynamic_list_start = .
 *(SORT_BY_NAME(SORT_BY_ALIGNMENT(._log_dynamic.static.*)))
                0x00005ba8                        _log_dynamic_list_end = .

k_timer_area    0x00005ba8        0x0
                0x00005ba8                        _k_timer_list_start = .
 *(SORT_BY_NAME(SORT_BY_ALIGNMENT(._k_timer.static.*)))
                0x00005ba8                        _k_timer_list_end = .

k_mem_slab_area
                0x00005ba8        0x0
                0x00005ba8                        _k_mem_slab_list_start = .
 *(SORT_BY_NAME(SORT_BY_ALIGNMENT(._k_mem_slab.static.*)))
                0x00005ba8                        _k_mem_slab_list_end = .

k_heap_area     0x00005ba8        0x0
                0x00005ba8                        _k_heap_list_start = .
 *(SORT_BY_NAME(SORT_BY_ALIGNMENT(._k_heap.static.*)))
                0x00005ba8                        _k_heap_list_end = .

k_mutex_area    0x00005ba8        0x0
                0x00005ba8                        _k_mutex_list_start = .
 *(SORT_BY_NAME(SORT_BY_ALIGNMENT(._k_mutex.static.*)))
                0x00005ba8                        _k_mutex_list_end = .

k_stack_area    0x00005ba8        0x0
                0x00005ba8                        _k_stack_list_start = .
 *(SORT_BY_NAME(SORT_BY_ALIGNMENT(._k_stack.static.*)))
                0x00005ba8                        _k_stack_list_end = .

k_msgq_area     0x00005ba8        0x0
                0x00005ba8                        _k_msgq_list_start = .
 *(SORT_BY_NAME(SORT_BY_ALIGNMENT(._k_msgq.static.*)))
                0x00005ba8                        _k_msgq_list_end = .

k_mbox_area     0x00005ba8        0x0
                0x00005ba8                        _k_mbox_list_start = .
 *(SORT_BY_NAME(SORT_BY_ALIGNMENT(._k_mbox.static.*)))
                0x00005ba8                        _k_mbox_list_end = .

k_pipe_area     0x00005ba8        0x0
                0x00005ba8                        _k_pipe_list_start = .
 *(SORT_BY_NAME(SORT_BY_ALIGNMENT(._k_pipe.static.*)))
                0x00005ba8                        _k_pipe_list_end = .

k_sem_area      0x00005ba8        0x0
                0x00005ba8                        _k_sem_list_start = .
 *(SORT_BY_NAME(SORT_BY_ALIGNMENT(._k_sem.static.*)))
                0x00005ba8                        _k_sem_list_end = .

k_event_area    0x00005ba8        0x0
                0x00005ba8                        _k_event_list_start = .
 *(SORT_BY_NAME(SORT_BY_ALIGNMENT(._k_event.static.*)))
                0x00005ba8                        _k_event_list_end = .

k_queue_area    0x00005ba8        0x0
                0x00005ba8                        _k_queue_list_start = .
 *(SORT_BY_NAME(SORT_BY_ALIGNMENT(._k_queue.static.*)))
                0x00005ba8                        _k_queue_list_end = .

k_fifo_area     0x00005ba8        0x0
                0x00005ba8                        _k_fifo_list_start = .
 *(SORT_BY_NAME(SORT_BY_ALIGNMENT(._k_fifo.static.*)))
                0x00005ba8                        _k_fifo_list_end = .

k_lifo_area     0x00005ba8        0x0
                0x00005ba8                        _k_lifo_list_start = .
 *(SORT_BY_NAME(SORT_BY_ALIGNMENT(._k_lifo.static.*)))
                0x00005ba8                        _k_lifo_list_end = .

k_condvar_area  0x00005ba8        0x0
                0x00005ba8                        _k_condvar_list_start = .
 *(SORT_BY_NAME(SORT_BY_ALIGNMENT(._k_condvar.static.*)))
                0x00005ba8                        _k_condvar_list_end = .

sys_mem_blocks_ptr_area
                0x00005ba8        0x0
                0x00005ba8                        _sys_mem_blocks_ptr_list_start = .
 *(SORT_BY_NAME(SORT_BY_ALIGNMENT(._sys_mem_blocks_ptr.static.*)))
                0x00005ba8                        _sys_mem_blocks_ptr_list_end = .

net_buf_pool_area
                0x00005ba8        0x0
                0x00005ba8                        _net_buf_pool_list_start = .
 *(SORT_BY_NAME(SORT_BY_ALIGNMENT(._net_buf_pool.static.*)))
                0x00005ba8                        _net_buf_pool_list_end = .
                0x00005ba8                        __data_region_end = .
                0x00008000                        __kernel_ram_end = 0x8000
                0x00003d90                        __kernel_ram_size = (__kernel_ram_end - __kernel_ram_start)

/DISCARD/
 *(SORT_BY_ALIGNMENT(.irq_info*))
 *(SORT_BY_ALIGNMENT(.intList*))

.last_ram_section
                0x00005ba8        0x0
                0x00005ba8                        . = ALIGN (_region_min_align)
                0x00005ba8                        _image_ram_end = .
                0x0000193c                        _image_ram_size = (_image_ram_end - _image_ram_start)
                0x00005ba8                        _end = .
                0x00005ba8                        z_mapped_end = .

.stab
 *(SORT_BY_ALIGNMENT(.stab))

.stabstr
 *(SORT_BY_ALIGNMENT(.stabstr))

.stab.excl
 *(SORT_BY_ALIGNMENT(.stab.excl))

.stab.exclstr
 *(SORT_BY_ALIGNMENT(.stab.exclstr))

.stab.index
 *(SORT_BY_ALIGNMENT(.stab.index))

.stab.indexstr
 *(SORT_BY_ALIGNMENT(.stab.indexstr))

.gnu.build.attributes
 *(SORT_BY_ALIGNMENT(.gnu.build.attributes) SORT_BY_ALIGNMENT(.gnu.build.attributes.*))

.comment        0x00000000       0x26
 *(SORT_BY_ALIGNMENT(.comment))
 .comment       0x00000000       0x26 CMakeFiles/zephyr_final.dir/isr_tables.c.obj
                                 0x27 (size before relaxing)
 .comment       0x00000026       0x27 CMakeFiles/offsets.dir/arch/arm/core/offsets/offsets.c.obj
 .comment       0x00000026       0x27 ../app/libapp.a(neopixel_driver.c.obj)
 .comment       0x00000026       0x27 libzephyr.a(printk.c.obj)
 .comment       0x00000026       0x27 libzephyr.a(thread_entry.c.obj)
 .comment       0x00000026       0x27 libzephyr.a(cbprintf_complete.c.obj)
 .comment       0x00000026       0x27 libzephyr.a(resource_table.c.obj)
 .comment       0x00000026       0x27 libzephyr.a(configs.c.obj)
 .comment       0x00000026       0x27 libzephyr.a(ctrl_partitions.c.obj)
 .comment       0x00000026       0x27 libzephyr.a(soc.c.obj)
 .comment       0x00000026       0x27 arch/arch/arm/core/libarch__arm__core.a(fatal.c.obj)
 .comment       0x00000026       0x27 arch/arch/arm/core/libarch__arm__core.a(nmi.c.obj)
 .comment       0x00000026       0x27 arch/arch/arm/core/cortex_a_r/libarch__arm__core__cortex_a_r.a(fault.c.obj)
 .comment       0x00000026       0x27 arch/arch/arm/core/cortex_a_r/libarch__arm__core__cortex_a_r.a(irq_init.c.obj)
 .comment       0x00000026       0x27 arch/arch/arm/core/cortex_a_r/libarch__arm__core__cortex_a_r.a(reboot.c.obj)
 .comment       0x00000026       0x27 arch/arch/arm/core/cortex_a_r/libarch__arm__core__cortex_a_r.a(stacks.c.obj)
 .comment       0x00000026       0x27 arch/arch/arm/core/cortex_a_r/libarch__arm__core__cortex_a_r.a(irq_manage.c.obj)
 .comment       0x00000026       0x27 arch/arch/arm/core/cortex_a_r/libarch__arm__core__cortex_a_r.a(prep_c.c.obj)
 .comment       0x00000026       0x27 arch/arch/arm/core/cortex_a_r/libarch__arm__core__cortex_a_r.a(thread.c.obj)
 .comment       0x00000026       0x27 arch/arch/arm/core/cortex_a_r/libarch__arm__core__cortex_a_r.a(smp.c.obj)
 .comment       0x00000026       0x27 lib/libc/minimal/liblib__libc__minimal.a(exit.c.obj)
 .comment       0x00000026       0x27 lib/libc/minimal/liblib__libc__minimal.a(string.c.obj)
 .comment       0x00000026       0x27 lib/libc/minimal/liblib__libc__minimal.a(stdout_console.c.obj)
 .comment       0x00000026       0x27 lib/libc/minimal/liblib__libc__minimal.a(fprintf.c.obj)
 .comment       0x00000026       0x27 lib/libc/common/liblib__libc__common.a(strnlen.c.obj)
 .comment       0x00000026       0x27 drivers/interrupt_controller/libdrivers__interrupt_controller.a(intc_vim.c.obj)
 .comment       0x00000026       0x27 drivers/console/libdrivers__console.a(uart_console.c.obj)
 .comment       0x00000026       0x27 drivers/gpio/libdrivers__gpio.a(gpio_davinci.c.obj)
 .comment       0x00000026       0x27 drivers/pinctrl/libdrivers__pinctrl.a(common.c.obj)
 .comment       0x00000026       0x27 drivers/pinctrl/libdrivers__pinctrl.a(pinctrl_ti_k3.c.obj)
 .comment       0x00000026       0x27 drivers/serial/libdrivers__serial.a(uart_ns16550.c.obj)
 .comment       0x00000026       0x27 drivers/timer/libdrivers__timer.a(ti_dmtimer.c.obj)
 .comment       0x00000026       0x27 kernel/libkernel.a(device.c.obj)
 .comment       0x00000026       0x27 kernel/libkernel.a(fatal.c.obj)
 .comment       0x00000026       0x27 kernel/libkernel.a(init.c.obj)
 .comment       0x00000026       0x27 kernel/libkernel.a(init_static.c.obj)
 .comment       0x00000026       0x27 kernel/libkernel.a(idle.c.obj)
 .comment       0x00000026       0x27 kernel/libkernel.a(thread.c.obj)
 .comment       0x00000026       0x27 kernel/libkernel.a(sched.c.obj)
 .comment       0x00000026       0x27 kernel/libkernel.a(timeslicing.c.obj)
 .comment       0x00000026       0x27 kernel/libkernel.a(timeout.c.obj)
 .comment       0x00000026       0x27 kernel/libkernel.a(banner.c.obj)
 .comment       0x00000026       0x27 /usr/lib/gcc/arm-none-eabi/14.2.1/thumb/v7-r+fp.sp/hard/libgcc.a(_udivmoddi4.o)

.debug
 *(SORT_BY_ALIGNMENT(.debug))

.line
 *(SORT_BY_ALIGNMENT(.line))

.debug_srcinfo
 *(SORT_BY_ALIGNMENT(.debug_srcinfo))

.debug_sfnames
 *(SORT_BY_ALIGNMENT(.debug_sfnames))

.debug_aranges  0x00000000      0xcd8
 *(SORT_BY_ALIGNMENT(.debug_aranges))
 .debug_aranges
                0x00000000       0x20 arch/arch/arm/core/libarch__arm__core.a(nmi_on_reset.S.obj)
 .debug_aranges
                0x00000020       0x20 arch/arch/arm/core/cortex_a_r/libarch__arm__core__cortex_a_r.a(exc.S.obj)
 .debug_aranges
                0x00000040       0x20 arch/arch/arm/core/cortex_a_r/libarch__arm__core__cortex_a_r.a(reset.S.obj)
 .debug_aranges
                0x00000060       0x20 arch/arch/arm/core/cortex_a_r/libarch__arm__core__cortex_a_r.a(vector_table.S.obj)
 .debug_aranges
                0x00000080       0x28 arch/arch/arm/core/cortex_a_r/libarch__arm__core__cortex_a_r.a(cpu_idle.S.obj)
 .debug_aranges
                0x000000a8       0x20 arch/arch/arm/core/cortex_a_r/libarch__arm__core__cortex_a_r.a(isr_wrapper.S.obj)
 .debug_aranges
                0x000000c8       0x30 arch/arch/arm/core/cortex_a_r/libarch__arm__core__cortex_a_r.a(swap_helper.S.obj)
 .debug_aranges
                0x000000f8       0x20 arch/arch/arm/core/cortex_a_r/libarch__arm__core__cortex_a_r.a(exc_exit.S.obj)
 .debug_aranges
                0x00000118       0x20 /usr/lib/gcc/arm-none-eabi/14.2.1/thumb/v7-r+fp.sp/hard/libgcc.a(_aeabi_uldivmod.o)
 .debug_aranges
                0x00000138       0x20 /usr/lib/gcc/arm-none-eabi/14.2.1/thumb/v7-r+fp.sp/hard/libgcc.a(_dvmd_tls.o)
 .debug_aranges
                0x00000158       0x18 CMakeFiles/zephyr_final.dir/isr_tables.c.obj
 .debug_aranges
                0x00000170       0x20 CMakeFiles/offsets.dir/arch/arm/core/offsets/offsets.c.obj
 .debug_aranges
                0x00000190       0x38 ../app/libapp.a(neopixel_driver.c.obj)
 .debug_aranges
                0x000001c8       0x68 libzephyr.a(printk.c.obj)
 .debug_aranges
                0x00000230       0x20 libzephyr.a(thread_entry.c.obj)
 .debug_aranges
                0x00000250       0x38 libzephyr.a(cbprintf_complete.c.obj)
 .debug_aranges
                0x00000288       0x20 libzephyr.a(resource_table.c.obj)
 .debug_aranges
                0x000002a8       0x20 libzephyr.a(configs.c.obj)
 .debug_aranges
                0x000002c8       0x20 libzephyr.a(ctrl_partitions.c.obj)
 .debug_aranges
                0x000002e8       0x58 libzephyr.a(soc.c.obj)
 .debug_aranges
                0x00000340       0x30 arch/arch/arm/core/libarch__arm__core.a(fatal.c.obj)
 .debug_aranges
                0x00000370       0x28 arch/arch/arm/core/libarch__arm__core.a(nmi.c.obj)
 .debug_aranges
                0x00000398       0x48 arch/arch/arm/core/cortex_a_r/libarch__arm__core__cortex_a_r.a(fault.c.obj)
 .debug_aranges
                0x000003e0       0x20 arch/arch/arm/core/cortex_a_r/libarch__arm__core__cortex_a_r.a(irq_init.c.obj)
 .debug_aranges
                0x00000400       0x30 arch/arch/arm/core/cortex_a_r/libarch__arm__core__cortex_a_r.a(reboot.c.obj)
 .debug_aranges
                0x00000430       0x18 arch/arch/arm/core/cortex_a_r/libarch__arm__core__cortex_a_r.a(stacks.c.obj)
 .debug_aranges
                0x00000448       0x20 arch/arch/arm/core/cortex_a_r/libarch__arm__core__cortex_a_r.a(irq_manage.c.obj)
 .debug_aranges
                0x00000468       0x20 arch/arch/arm/core/cortex_a_r/libarch__arm__core__cortex_a_r.a(prep_c.c.obj)
 .debug_aranges
                0x00000488       0x30 arch/arch/arm/core/cortex_a_r/libarch__arm__core__cortex_a_r.a(thread.c.obj)
 .debug_aranges
                0x000004b8       0x28 arch/arch/arm/core/cortex_a_r/libarch__arm__core__cortex_a_r.a(smp.c.obj)
 .debug_aranges
                0x000004e0       0x20 lib/libc/minimal/liblib__libc__minimal.a(exit.c.obj)
 .debug_aranges
                0x00000500       0x90 lib/libc/minimal/liblib__libc__minimal.a(string.c.obj)
 .debug_aranges
                0x00000590       0x68 lib/libc/minimal/liblib__libc__minimal.a(stdout_console.c.obj)
 .debug_aranges
                0x000005f8       0x38 lib/libc/minimal/liblib__libc__minimal.a(fprintf.c.obj)
 .debug_aranges
                0x00000630       0x20 lib/libc/common/liblib__libc__common.a(strnlen.c.obj)
 .debug_aranges
                0x00000650       0x58 drivers/interrupt_controller/libdrivers__interrupt_controller.a(intc_vim.c.obj)
 .debug_aranges
                0x000006a8       0x30 drivers/console/libdrivers__console.a(uart_console.c.obj)
 .debug_aranges
                0x000006d8       0x58 drivers/gpio/libdrivers__gpio.a(gpio_davinci.c.obj)
 .debug_aranges
                0x00000730       0x20 drivers/pinctrl/libdrivers__pinctrl.a(common.c.obj)
 .debug_aranges
                0x00000750       0x28 drivers/pinctrl/libdrivers__pinctrl.a(pinctrl_ti_k3.c.obj)
 .debug_aranges
                0x00000778       0xd0 drivers/serial/libdrivers__serial.a(uart_ns16550.c.obj)
 .debug_aranges
                0x00000848       0x40 drivers/timer/libdrivers__timer.a(ti_dmtimer.c.obj)
 .debug_aranges
                0x00000888       0x40 kernel/libkernel.a(device.c.obj)
 .debug_aranges
                0x000008c8       0x38 kernel/libkernel.a(fatal.c.obj)
 .debug_aranges
                0x00000900       0x68 kernel/libkernel.a(init.c.obj)
 .debug_aranges
                0x00000968       0x20 kernel/libkernel.a(init_static.c.obj)
 .debug_aranges
                0x00000988       0x28 kernel/libkernel.a(idle.c.obj)
 .debug_aranges
                0x000009b0       0x90 kernel/libkernel.a(thread.c.obj)
 .debug_aranges
                0x00000a40      0x180 kernel/libkernel.a(sched.c.obj)
 .debug_aranges
                0x00000bc0       0x40 kernel/libkernel.a(timeslicing.c.obj)
 .debug_aranges
                0x00000c00       0x98 kernel/libkernel.a(timeout.c.obj)
 .debug_aranges
                0x00000c98       0x20 kernel/libkernel.a(banner.c.obj)
 .debug_aranges
                0x00000cb8       0x20 /usr/lib/gcc/arm-none-eabi/14.2.1/thumb/v7-r+fp.sp/hard/libgcc.a(_udivmoddi4.o)

.debug_pubnames
 *(SORT_BY_ALIGNMENT(.debug_pubnames))

.debug_info     0x00000000    0x1f633
 *(SORT_BY_ALIGNMENT(.debug_info) SORT_BY_ALIGNMENT(.gnu.linkonce.wi.*))
 .debug_info    0x00000000      0x14b CMakeFiles/zephyr_final.dir/isr_tables.c.obj
 .debug_info    0x0000014b       0xe3 CMakeFiles/offsets.dir/arch/arm/core/offsets/offsets.c.obj
 .debug_info    0x0000022e     0x124e ../app/libapp.a(neopixel_driver.c.obj)
 .debug_info    0x0000147c      0x71b libzephyr.a(printk.c.obj)
 .debug_info    0x00001b97      0x6e2 libzephyr.a(thread_entry.c.obj)
 .debug_info    0x00002279     0x173e libzephyr.a(cbprintf_complete.c.obj)
 .debug_info    0x000039b7      0x263 libzephyr.a(resource_table.c.obj)
 .debug_info    0x00003c1a       0x38 libzephyr.a(configs.c.obj)
 .debug_info    0x00003c52       0xf1 libzephyr.a(ctrl_partitions.c.obj)
 .debug_info    0x00003d43      0x30f libzephyr.a(soc.c.obj)
 .debug_info    0x00004052      0x6b4 arch/arch/arm/core/libarch__arm__core.a(fatal.c.obj)
 .debug_info    0x00004706      0x1c3 arch/arch/arm/core/libarch__arm__core.a(nmi.c.obj)
 .debug_info    0x000048c9       0x23 arch/arch/arm/core/libarch__arm__core.a(nmi_on_reset.S.obj)
 .debug_info    0x000048ec       0x24 arch/arch/arm/core/cortex_a_r/libarch__arm__core__cortex_a_r.a(exc.S.obj)
 .debug_info    0x00004910     0x1088 arch/arch/arm/core/cortex_a_r/libarch__arm__core__cortex_a_r.a(fault.c.obj)
 .debug_info    0x00005998       0xac arch/arch/arm/core/cortex_a_r/libarch__arm__core__cortex_a_r.a(irq_init.c.obj)
 .debug_info    0x00005a44       0xdf arch/arch/arm/core/cortex_a_r/libarch__arm__core__cortex_a_r.a(reboot.c.obj)
 .debug_info    0x00005b23       0x23 arch/arch/arm/core/cortex_a_r/libarch__arm__core__cortex_a_r.a(reset.S.obj)
 .debug_info    0x00005b46      0x20f arch/arch/arm/core/cortex_a_r/libarch__arm__core__cortex_a_r.a(stacks.c.obj)
 .debug_info    0x00005d55       0x23 arch/arch/arm/core/cortex_a_r/libarch__arm__core__cortex_a_r.a(vector_table.S.obj)
 .debug_info    0x00005d78      0x2c2 arch/arch/arm/core/cortex_a_r/libarch__arm__core__cortex_a_r.a(irq_manage.c.obj)
 .debug_info    0x0000603a      0x845 arch/arch/arm/core/cortex_a_r/libarch__arm__core__cortex_a_r.a(prep_c.c.obj)
 .debug_info    0x0000687f      0xb03 arch/arch/arm/core/cortex_a_r/libarch__arm__core__cortex_a_r.a(thread.c.obj)
 .debug_info    0x00007382       0x22 arch/arch/arm/core/cortex_a_r/libarch__arm__core__cortex_a_r.a(cpu_idle.S.obj)
 .debug_info    0x000073a4      0xc83 arch/arch/arm/core/cortex_a_r/libarch__arm__core__cortex_a_r.a(smp.c.obj)
 .debug_info    0x00008027       0x24 arch/arch/arm/core/cortex_a_r/libarch__arm__core__cortex_a_r.a(isr_wrapper.S.obj)
 .debug_info    0x0000804b       0x22 arch/arch/arm/core/cortex_a_r/libarch__arm__core__cortex_a_r.a(swap_helper.S.obj)
 .debug_info    0x0000806d       0x24 arch/arch/arm/core/cortex_a_r/libarch__arm__core__cortex_a_r.a(exc_exit.S.obj)
 .debug_info    0x00008091       0xe0 lib/libc/minimal/liblib__libc__minimal.a(exit.c.obj)
 .debug_info    0x00008171      0x6e4 lib/libc/minimal/liblib__libc__minimal.a(string.c.obj)
 .debug_info    0x00008855      0x83c lib/libc/minimal/liblib__libc__minimal.a(stdout_console.c.obj)
 .debug_info    0x00009091      0x46c lib/libc/minimal/liblib__libc__minimal.a(fprintf.c.obj)
 .debug_info    0x000094fd       0xd7 lib/libc/common/liblib__libc__common.a(strnlen.c.obj)
 .debug_info    0x000095d4      0xb1c drivers/interrupt_controller/libdrivers__interrupt_controller.a(intc_vim.c.obj)
 .debug_info    0x0000a0f0      0x94a drivers/console/libdrivers__console.a(uart_console.c.obj)
 .debug_info    0x0000aa3a      0xcdb drivers/gpio/libdrivers__gpio.a(gpio_davinci.c.obj)
 .debug_info    0x0000b715      0x19a drivers/pinctrl/libdrivers__pinctrl.a(common.c.obj)
 .debug_info    0x0000b8af      0x498 drivers/pinctrl/libdrivers__pinctrl.a(pinctrl_ti_k3.c.obj)
 .debug_info    0x0000bd47     0x496b drivers/serial/libdrivers__serial.a(uart_ns16550.c.obj)
 .debug_info    0x000106b2     0x1a60 drivers/timer/libdrivers__timer.a(ti_dmtimer.c.obj)
 .debug_info    0x00012112      0x3b9 kernel/libkernel.a(device.c.obj)
 .debug_info    0x000124cb      0xd13 kernel/libkernel.a(fatal.c.obj)
 .debug_info    0x000131de     0x1763 kernel/libkernel.a(init.c.obj)
 .debug_info    0x00014941       0x38 kernel/libkernel.a(init_static.c.obj)
 .debug_info    0x00014979      0x238 kernel/libkernel.a(idle.c.obj)
 .debug_info    0x00014bb1     0x1620 kernel/libkernel.a(thread.c.obj)
 .debug_info    0x000161d1     0x6879 kernel/libkernel.a(sched.c.obj)
 .debug_info    0x0001ca4a      0xe55 kernel/libkernel.a(timeslicing.c.obj)
 .debug_info    0x0001d89f     0x156f kernel/libkernel.a(timeout.c.obj)
 .debug_info    0x0001ee0e       0xcc kernel/libkernel.a(banner.c.obj)
 .debug_info    0x0001eeda       0x24 /usr/lib/gcc/arm-none-eabi/14.2.1/thumb/v7-r+fp.sp/hard/libgcc.a(_aeabi_uldivmod.o)
 .debug_info    0x0001eefe      0x6f9 /usr/lib/gcc/arm-none-eabi/14.2.1/thumb/v7-r+fp.sp/hard/libgcc.a(_udivmoddi4.o)
 .debug_info    0x0001f5f7       0x3c /usr/lib/gcc/arm-none-eabi/14.2.1/thumb/v7-r+fp.sp/hard/libgcc.a(_dvmd_tls.o)

.debug_abbrev   0x00000000     0x69bb
 *(SORT_BY_ALIGNMENT(.debug_abbrev))
 .debug_abbrev  0x00000000       0xe1 CMakeFiles/zephyr_final.dir/isr_tables.c.obj
 .debug_abbrev  0x000000e1       0x62 CMakeFiles/offsets.dir/arch/arm/core/offsets/offsets.c.obj
 .debug_abbrev  0x00000143      0x497 ../app/libapp.a(neopixel_driver.c.obj)
 .debug_abbrev  0x000005da      0x320 libzephyr.a(printk.c.obj)
 .debug_abbrev  0x000008fa      0x260 libzephyr.a(thread_entry.c.obj)
 .debug_abbrev  0x00000b5a      0x45b libzephyr.a(cbprintf_complete.c.obj)
 .debug_abbrev  0x00000fb5      0x101 libzephyr.a(resource_table.c.obj)
 .debug_abbrev  0x000010b6       0x2e libzephyr.a(configs.c.obj)
 .debug_abbrev  0x000010e4       0x8f libzephyr.a(ctrl_partitions.c.obj)
 .debug_abbrev  0x00001173      0x14d libzephyr.a(soc.c.obj)
 .debug_abbrev  0x000012c0      0x289 arch/arch/arm/core/libarch__arm__core.a(fatal.c.obj)
 .debug_abbrev  0x00001549       0xf5 arch/arch/arm/core/libarch__arm__core.a(nmi.c.obj)
 .debug_abbrev  0x0000163e       0x14 arch/arch/arm/core/libarch__arm__core.a(nmi_on_reset.S.obj)
 .debug_abbrev  0x00001652       0x14 arch/arch/arm/core/cortex_a_r/libarch__arm__core__cortex_a_r.a(exc.S.obj)